Java HotSpot(TM) 64-Bit Server VM (25.171-b11) for windows-amd64 JRE (1.8.0_171-b11), built on Mar 28 2018 16:06:12 by "java_re" with MS VC++ 10.0 (VS2010)
Memory: 4k page, physical 8330720k(2374672k free), swap 12934844k(2008340k free)
CommandLine flags: -XX:CMSInitiatingOccupancyFraction=50 -XX:CMSMaxAbortablePrecleanTime=6000 -XX:+CMSParallelRemarkEnabled -XX:+CMSScavengeBeforeRemark -XX:ConcGCThreads=4 -XX:GCLogFileSize=20971520 -XX:InitialHeapSize=536870912 -XX:MaxHeapSize=536870912 -XX:MaxTenuringThreshold=8 -XX:NewRatio=3 -XX:NumberOfGCLogFiles=9 -XX:OldPLABSize=16 -XX:-OmitStackTraceInFastThrow -XX:ParallelGCThreads=4 -XX:+ParallelRefProcEnabled -XX:PretenureSizeThreshold=67108864 -XX:+PrintGC -XX:+PrintGCApplicationStoppedTime -XX:+PrintGCDateStamps -XX:+PrintGCDetails -XX:+PrintGCTimeStamps -XX:+PrintHeapAtGC -XX:+PrintTenuringDistribution -XX:SurvivorRatio=4 -XX:TargetSurvivorRatio=90 -XX:ThreadStackSize=256 -XX:+UseCMSInitiatingOccupancyOnly -XX:+UseCompressedClassPointers -XX:+UseCompressedOops -XX:+UseConcMarkSweepGC -XX:+UseGCLogFileRotation -XX:-UseLargePagesIndividualAllocation -XX:+UseParNewGC 
2018-12-18T12:06:06.030+0100: 0.159: Total time for which application threads were stopped: 0.0000621 seconds, Stopping threads took: 0.0000124 seconds
2018-12-18T12:06:06.191+0100: 0.320: Total time for which application threads were stopped: 0.0001040 seconds, Stopping threads took: 0.0000165 seconds
2018-12-18T12:06:06.411+0100: 0.540: Total time for which application threads were stopped: 0.0000891 seconds, Stopping threads took: 0.0000130 seconds
2018-12-18T12:06:06.472+0100: 0.601: Total time for which application threads were stopped: 0.0001469 seconds, Stopping threads took: 0.0000346 seconds
2018-12-18T12:06:06.620+0100: 0.750: Total time for which application threads were stopped: 0.0001134 seconds, Stopping threads took: 0.0000159 seconds
2018-12-18T12:06:06.765+0100: 0.895: Total time for which application threads were stopped: 0.0000767 seconds, Stopping threads took: 0.0000119 seconds
2018-12-18T12:06:06.920+0100: 1.050: Total time for which application threads were stopped: 0.0001569 seconds, Stopping threads took: 0.0000197 seconds
2018-12-18T12:06:06.929+0100: 1.058: Total time for which application threads were stopped: 0.0001466 seconds, Stopping threads took: 0.0000173 seconds
2018-12-18T12:06:06.990+0100: 1.120: Total time for which application threads were stopped: 0.0001447 seconds, Stopping threads took: 0.0000173 seconds
2018-12-18T12:06:07.499+0100: 1.628: Total time for which application threads were stopped: 0.0001672 seconds, Stopping threads took: 0.0000162 seconds
{Heap before GC invocations=0 (full 0):
 par new generation   total 109248K, used 87424K [0x00000000e0000000, 0x00000000e8000000, 0x00000000e8000000)
  eden space 87424K, 100% used [0x00000000e0000000, 0x00000000e5560000, 0x00000000e5560000)
  from space 21824K,   0% used [0x00000000e5560000, 0x00000000e5560000, 0x00000000e6ab0000)
  to   space 21824K,   0% used [0x00000000e6ab0000, 0x00000000e6ab0000, 0x00000000e8000000)
 concurrent mark-sweep generation total 393216K, used 0K [0x00000000e8000000, 0x0000000100000000, 0x0000000100000000)
 Metaspace       used 17682K, capacity 18026K, committed 18304K, reserved 1064960K
  class space    used 2181K, capacity 2318K, committed 2432K, reserved 1048576K
2018-12-18T12:06:07.531+0100: 1.661: [GC (Allocation Failure) 2018-12-18T12:06:07.532+0100: 1.661: [ParNew
Desired survivor size 20112992 bytes, new threshold 8 (max 8)
- age   1:   11526304 bytes,   11526304 total
: 87424K->11365K(109248K), 0.0062034 secs] 87424K->11365K(502464K), 0.0063695 secs] [Times: user=0.06 sys=0.00, real=0.01 secs] 
Heap after GC invocations=1 (full 0):
 par new generation   total 109248K, used 11365K [0x00000000e0000000, 0x00000000e8000000, 0x00000000e8000000)
  eden space 87424K,   0% used [0x00000000e0000000, 0x00000000e0000000, 0x00000000e5560000)
  from space 21824K,  52% used [0x00000000e6ab0000, 0x00000000e75c9708, 0x00000000e8000000)
  to   space 21824K,   0% used [0x00000000e5560000, 0x00000000e5560000, 0x00000000e6ab0000)
 concurrent mark-sweep generation total 393216K, used 0K [0x00000000e8000000, 0x0000000100000000, 0x0000000100000000)
 Metaspace       used 17682K, capacity 18026K, committed 18304K, reserved 1064960K
  class space    used 2181K, capacity 2318K, committed 2432K, reserved 1048576K
}
2018-12-18T12:06:07.538+0100: 1.667: Total time for which application threads were stopped: 0.0064956 seconds, Stopping threads took: 0.0000192 seconds
2018-12-18T12:06:07.751+0100: 1.880: Total time for which application threads were stopped: 0.0001250 seconds, Stopping threads took: 0.0000275 seconds
2018-12-18T12:06:07.915+0100: 2.045: Total time for which application threads were stopped: 0.0001990 seconds, Stopping threads took: 0.0000189 seconds
2018-12-18T12:06:07.920+0100: 2.049: Total time for which application threads were stopped: 0.0001885 seconds, Stopping threads took: 0.0000167 seconds
2018-12-18T12:06:07.921+0100: 2.050: Total time for which application threads were stopped: 0.0001685 seconds, Stopping threads took: 0.0000146 seconds
2018-12-18T12:06:07.936+0100: 2.065: Total time for which application threads were stopped: 0.0000602 seconds, Stopping threads took: 0.0000181 seconds
2018-12-18T12:06:07.965+0100: 2.094: Total time for which application threads were stopped: 0.0002044 seconds, Stopping threads took: 0.0000149 seconds
2018-12-18T12:06:07.966+0100: 2.095: Total time for which application threads were stopped: 0.0000540 seconds, Stopping threads took: 0.0000181 seconds
2018-12-18T12:06:07.974+0100: 2.103: Total time for which application threads were stopped: 0.0000537 seconds, Stopping threads took: 0.0000149 seconds
2018-12-18T12:06:07.985+0100: 2.114: Total time for which application threads were stopped: 0.0000567 seconds, Stopping threads took: 0.0000167 seconds
2018-12-18T12:06:08.117+0100: 2.247: Total time for which application threads were stopped: 0.0002997 seconds, Stopping threads took: 0.0000184 seconds
2018-12-18T12:06:08.126+0100: 2.256: Total time for which application threads were stopped: 0.0000834 seconds, Stopping threads took: 0.0000248 seconds
2018-12-18T12:06:08.168+0100: 2.298: Total time for which application threads were stopped: 0.0000624 seconds, Stopping threads took: 0.0000184 seconds
2018-12-18T12:06:08.193+0100: 2.322: Total time for which application threads were stopped: 0.0000770 seconds, Stopping threads took: 0.0000200 seconds
2018-12-18T12:06:08.223+0100: 2.353: Total time for which application threads were stopped: 0.0000543 seconds, Stopping threads took: 0.0000151 seconds
2018-12-18T12:06:08.252+0100: 2.381: Total time for which application threads were stopped: 0.0000618 seconds, Stopping threads took: 0.0000176 seconds
2018-12-18T12:06:08.288+0100: 2.417: Total time for which application threads were stopped: 0.0003494 seconds, Stopping threads took: 0.0000570 seconds
2018-12-18T12:06:08.303+0100: 2.432: Total time for which application threads were stopped: 0.0000915 seconds, Stopping threads took: 0.0000281 seconds
2018-12-18T12:06:08.343+0100: 2.472: Total time for which application threads were stopped: 0.0000829 seconds, Stopping threads took: 0.0000281 seconds
{Heap before GC invocations=1 (full 0):
 par new generation   total 109248K, used 98789K [0x00000000e0000000, 0x00000000e8000000, 0x00000000e8000000)
  eden space 87424K, 100% used [0x00000000e0000000, 0x00000000e5560000, 0x00000000e5560000)
  from space 21824K,  52% used [0x00000000e6ab0000, 0x00000000e75c9708, 0x00000000e8000000)
  to   space 21824K,   0% used [0x00000000e5560000, 0x00000000e5560000, 0x00000000e6ab0000)
 concurrent mark-sweep generation total 393216K, used 0K [0x00000000e8000000, 0x0000000100000000, 0x0000000100000000)
 Metaspace       used 24508K, capacity 24982K, committed 25204K, reserved 1071104K
  class space    used 3037K, capacity 3229K, committed 3248K, reserved 1048576K
2018-12-18T12:06:08.364+0100: 2.493: [GC (Allocation Failure) 2018-12-18T12:06:08.364+0100: 2.493: [ParNew
Desired survivor size 20112992 bytes, new threshold 8 (max 8)
- age   1:    6468672 bytes,    6468672 total
- age   2:    5124952 bytes,   11593624 total
: 98789K->13617K(109248K), 0.0062750 secs] 98789K->13617K(502464K), 0.0063357 secs] [Times: user=0.00 sys=0.00, real=0.01 secs] 
Heap after GC invocations=2 (full 0):
 par new generation   total 109248K, used 13617K [0x00000000e0000000, 0x00000000e8000000, 0x00000000e8000000)
  eden space 87424K,   0% used [0x00000000e0000000, 0x00000000e0000000, 0x00000000e5560000)
  from space 21824K,  62% used [0x00000000e5560000, 0x00000000e62ac780, 0x00000000e6ab0000)
  to   space 21824K,   0% used [0x00000000e6ab0000, 0x00000000e6ab0000, 0x00000000e8000000)
 concurrent mark-sweep generation total 393216K, used 0K [0x00000000e8000000, 0x0000000100000000, 0x0000000100000000)
 Metaspace       used 24508K, capacity 24982K, committed 25204K, reserved 1071104K
  class space    used 3037K, capacity 3229K, committed 3248K, reserved 1048576K
}
2018-12-18T12:06:08.370+0100: 2.499: Total time for which application threads were stopped: 0.0065909 seconds, Stopping threads took: 0.0000235 seconds
2018-12-18T12:06:08.371+0100: 2.500: [GC (CMS Initial Mark) [1 CMS-initial-mark: 0K(393216K)] 13634K(502464K), 0.0014580 secs] [Times: user=0.00 sys=0.00, real=0.00 secs] 
2018-12-18T12:06:08.372+0100: 2.501: Total time for which application threads were stopped: 0.0015665 seconds, Stopping threads took: 0.0000300 seconds
2018-12-18T12:06:08.372+0100: 2.501: [CMS-concurrent-mark-start]
2018-12-18T12:06:08.372+0100: 2.501: [CMS-concurrent-mark: 0.000/0.000 secs] [Times: user=0.00 sys=0.00, real=0.00 secs] 
2018-12-18T12:06:08.372+0100: 2.501: [CMS-concurrent-preclean-start]
2018-12-18T12:06:08.373+0100: 2.502: [CMS-concurrent-preclean: 0.001/0.001 secs] [Times: user=0.00 sys=0.00, real=0.00 secs] 
2018-12-18T12:06:08.373+0100: 2.502: [CMS-concurrent-abortable-preclean-start]
2018-12-18T12:06:08.386+0100: 2.515: Total time for which application threads were stopped: 0.0000529 seconds, Stopping threads took: 0.0000181 seconds
2018-12-18T12:06:08.411+0100: 2.540: Total time for which application threads were stopped: 0.0000621 seconds, Stopping threads took: 0.0000178 seconds
2018-12-18T12:06:08.438+0100: 2.568: Total time for which application threads were stopped: 0.0000821 seconds, Stopping threads took: 0.0000192 seconds
2018-12-18T12:06:08.482+0100: 2.611: Total time for which application threads were stopped: 0.0000724 seconds, Stopping threads took: 0.0000184 seconds
2018-12-18T12:06:08.729+0100: 2.858: Total time for which application threads were stopped: 0.0000572 seconds, Stopping threads took: 0.0000170 seconds
2018-12-18T12:06:08.758+0100: 2.887: Total time for which application threads were stopped: 0.0000597 seconds, Stopping threads took: 0.0000149 seconds
2018-12-18T12:06:09.207+0100: 3.337: Total time for which application threads were stopped: 0.0000510 seconds, Stopping threads took: 0.0000167 seconds
2018-12-18T12:06:09.219+0100: 3.348: Total time for which application threads were stopped: 0.0002579 seconds, Stopping threads took: 0.0000211 seconds
2018-12-18T12:06:09.239+0100: 3.369: Total time for which application threads were stopped: 0.0000645 seconds, Stopping threads took: 0.0000254 seconds
2018-12-18T12:06:09.260+0100: 3.390: Total time for which application threads were stopped: 0.0000899 seconds, Stopping threads took: 0.0000359 seconds
2018-12-18T12:06:09.320+0100: 3.449: Total time for which application threads were stopped: 0.0000786 seconds, Stopping threads took: 0.0000194 seconds
2018-12-18T12:06:09.451+0100: 3.580: [CMS-concurrent-abortable-preclean: 0.336/1.078 secs] [Times: user=1.08 sys=0.20, real=1.08 secs] 
2018-12-18T12:06:09.451+0100: 3.580: [GC (CMS Final Remark) [YG occupancy: 65461 K (109248 K)]{Heap before GC invocations=2 (full 1):
 par new generation   total 109248K, used 65461K [0x00000000e0000000, 0x00000000e8000000, 0x00000000e8000000)
  eden space 87424K,  59% used [0x00000000e0000000, 0x00000000e32a0f88, 0x00000000e5560000)
  from space 21824K,  62% used [0x00000000e5560000, 0x00000000e62ac780, 0x00000000e6ab0000)
  to   space 21824K,   0% used [0x00000000e6ab0000, 0x00000000e6ab0000, 0x00000000e8000000)
 concurrent mark-sweep generation total 393216K, used 0K [0x00000000e8000000, 0x0000000100000000, 0x0000000100000000)
 Metaspace       used 27704K, capacity 28430K, committed 28600K, reserved 1075200K
  class space    used 3481K, capacity 3707K, committed 3772K, reserved 1048576K
2018-12-18T12:06:09.451+0100: 3.580: [GC (CMS Final Remark) 2018-12-18T12:06:09.451+0100: 3.580: [ParNew
Desired survivor size 20112992 bytes, new threshold 8 (max 8)
- age   1:    3179576 bytes,    3179576 total
- age   2:    2915224 bytes,    6094800 total
- age   3:    5009952 bytes,   11104752 total
: 65461K->15289K(109248K), 0.0052737 secs] 65461K->15289K(502464K), 0.0053412 secs] [Times: user=0.00 sys=0.00, real=0.01 secs] 
Heap after GC invocations=3 (full 1):
 par new generation   total 109248K, used 15289K [0x00000000e0000000, 0x00000000e8000000, 0x00000000e8000000)
  eden space 87424K,   0% used [0x00000000e0000000, 0x00000000e0000000, 0x00000000e5560000)
  from space 21824K,  70% used [0x00000000e6ab0000, 0x00000000e799e7e0, 0x00000000e8000000)
  to   space 21824K,   0% used [0x00000000e5560000, 0x00000000e5560000, 0x00000000e6ab0000)
 concurrent mark-sweep generation total 393216K, used 0K [0x00000000e8000000, 0x0000000100000000, 0x0000000100000000)
 Metaspace       used 27704K, capacity 28430K, committed 28600K, reserved 1075200K
  class space    used 3481K, capacity 3707K, committed 3772K, reserved 1048576K
}
2018-12-18T12:06:09.456+0100: 3.585: [Rescan (parallel) , 0.0017593 secs]2018-12-18T12:06:09.458+0100: 3.587: [weak refs processing, 0.0003724 secs]2018-12-18T12:06:09.458+0100: 3.587: [class unloading, 0.0045402 secs]2018-12-18T12:06:09.463+0100: 3.592: [scrub symbol table, 0.0031333 secs]2018-12-18T12:06:09.466+0100: 3.595: [scrub string table, 0.0002093 secs][1 CMS-remark: 0K(393216K)] 15289K(502464K), 0.0161040 secs] [Times: user=0.06 sys=0.00, real=0.02 secs] 
2018-12-18T12:06:09.467+0100: 3.596: Total time for which application threads were stopped: 0.0161909 seconds, Stopping threads took: 0.0000219 seconds
2018-12-18T12:06:09.467+0100: 3.596: [CMS-concurrent-sweep-start]
2018-12-18T12:06:09.467+0100: 3.596: [CMS-concurrent-sweep: 0.000/0.000 secs] [Times: user=0.00 sys=0.00, real=0.00 secs] 
2018-12-18T12:06:09.467+0100: 3.596: [CMS-concurrent-reset-start]
2018-12-18T12:06:09.468+0100: 3.597: [CMS-concurrent-reset: 0.002/0.002 secs] [Times: user=0.00 sys=0.00, real=0.00 secs] 
2018-12-18T12:06:09.996+0100: 4.125: Total time for which application threads were stopped: 0.0001669 seconds, Stopping threads took: 0.0000181 seconds
2018-12-18T12:07:08.427+0100: 62.556: Total time for which application threads were stopped: 0.0003362 seconds, Stopping threads took: 0.0000221 seconds
2018-12-18T12:07:09.427+0100: 63.556: Total time for which application threads were stopped: 0.0000510 seconds, Stopping threads took: 0.0000192 seconds
2018-12-18T12:07:59.737+0100: 113.866: Total time for which application threads were stopped: 0.0000645 seconds, Stopping threads took: 0.0000262 seconds
2018-12-18T12:07:59.738+0100: 113.867: Total time for which application threads were stopped: 0.0000343 seconds, Stopping threads took: 0.0000143 seconds
2018-12-18T12:07:59.740+0100: 113.869: Total time for which application threads were stopped: 0.0001750 seconds, Stopping threads took: 0.0001434 seconds
2018-12-18T12:07:59.740+0100: 113.869: Total time for which application threads were stopped: 0.0000491 seconds, Stopping threads took: 0.0000189 seconds
2018-12-18T12:07:59.743+0100: 113.872: Total time for which application threads were stopped: 0.0000605 seconds, Stopping threads took: 0.0000270 seconds
2018-12-18T12:07:59.760+0100: 113.889: Total time for which application threads were stopped: 0.0000648 seconds, Stopping threads took: 0.0000286 seconds
2018-12-18T12:07:59.779+0100: 113.908: Total time for which application threads were stopped: 0.0001526 seconds, Stopping threads took: 0.0001045 seconds
2018-12-18T12:07:59.779+0100: 113.908: Total time for which application threads were stopped: 0.0000621 seconds, Stopping threads took: 0.0000300 seconds
2018-12-18T12:07:59.780+0100: 113.909: Total time for which application threads were stopped: 0.0000851 seconds, Stopping threads took: 0.0000251 seconds
2018-12-18T12:07:59.782+0100: 113.910: Total time for which application threads were stopped: 0.0000907 seconds, Stopping threads took: 0.0000467 seconds
2018-12-18T12:07:59.783+0100: 113.912: Total time for which application threads were stopped: 0.0000532 seconds, Stopping threads took: 0.0000186 seconds
2018-12-18T12:07:59.783+0100: 113.912: Total time for which application threads were stopped: 0.0001464 seconds, Stopping threads took: 0.0001158 seconds
2018-12-18T12:07:59.794+0100: 113.923: Total time for which application threads were stopped: 0.0092206 seconds, Stopping threads took: 0.0091466 seconds
2018-12-18T12:07:59.801+0100: 113.930: Total time for which application threads were stopped: 0.0000672 seconds, Stopping threads took: 0.0000273 seconds
2018-12-18T12:07:59.804+0100: 113.932: Total time for which application threads were stopped: 0.0001458 seconds, Stopping threads took: 0.0001037 seconds
2018-12-18T12:07:59.805+0100: 113.934: Total time for which application threads were stopped: 0.0000972 seconds, Stopping threads took: 0.0000313 seconds
2018-12-18T12:07:59.807+0100: 113.936: Total time for which application threads were stopped: 0.0005647 seconds, Stopping threads took: 0.0005231 seconds
2018-12-18T12:07:59.809+0100: 113.937: Total time for which application threads were stopped: 0.0002147 seconds, Stopping threads took: 0.0001461 seconds
2018-12-18T12:07:59.811+0100: 113.940: Total time for which application threads were stopped: 0.0002449 seconds, Stopping threads took: 0.0001817 seconds
2018-12-18T12:07:59.812+0100: 113.940: Total time for which application threads were stopped: 0.0001477 seconds, Stopping threads took: 0.0000972 seconds
2018-12-18T12:07:59.815+0100: 113.944: Total time for which application threads were stopped: 0.0000718 seconds, Stopping threads took: 0.0000286 seconds
2018-12-18T12:07:59.815+0100: 113.944: Total time for which application threads were stopped: 0.0000702 seconds, Stopping threads took: 0.0000230 seconds
2018-12-18T12:07:59.816+0100: 113.945: Total time for which application threads were stopped: 0.0000724 seconds, Stopping threads took: 0.0000265 seconds
2018-12-18T12:07:59.817+0100: 113.945: Total time for which application threads were stopped: 0.0000656 seconds, Stopping threads took: 0.0000257 seconds
2018-12-18T12:07:59.817+0100: 113.946: Total time for which application threads were stopped: 0.0000691 seconds, Stopping threads took: 0.0000238 seconds
2018-12-18T12:07:59.823+0100: 113.952: Total time for which application threads were stopped: 0.0001763 seconds, Stopping threads took: 0.0000246 seconds
2018-12-18T12:07:59.823+0100: 113.952: Total time for which application threads were stopped: 0.0000683 seconds, Stopping threads took: 0.0000351 seconds
2018-12-18T12:07:59.824+0100: 113.953: Total time for which application threads were stopped: 0.0000564 seconds, Stopping threads took: 0.0000197 seconds
2018-12-18T12:07:59.825+0100: 113.954: Total time for which application threads were stopped: 0.0000718 seconds, Stopping threads took: 0.0000365 seconds
2018-12-18T12:07:59.825+0100: 113.954: Total time for which application threads were stopped: 0.0000589 seconds, Stopping threads took: 0.0000248 seconds
2018-12-18T12:07:59.826+0100: 113.954: Total time for which application threads were stopped: 0.0000672 seconds, Stopping threads took: 0.0000346 seconds
2018-12-18T12:07:59.826+0100: 113.954: Total time for which application threads were stopped: 0.0000691 seconds, Stopping threads took: 0.0000284 seconds
2018-12-18T12:07:59.826+0100: 113.955: Total time for which application threads were stopped: 0.0001121 seconds, Stopping threads took: 0.0000124 seconds
2018-12-18T12:07:59.826+0100: 113.955: Total time for which application threads were stopped: 0.0000394 seconds, Stopping threads took: 0.0000124 seconds
2018-12-18T12:07:59.829+0100: 113.958: Total time for which application threads were stopped: 0.0000670 seconds, Stopping threads took: 0.0000219 seconds
2018-12-18T12:07:59.829+0100: 113.958: Total time for which application threads were stopped: 0.0001796 seconds, Stopping threads took: 0.0001261 seconds
2018-12-18T12:07:59.831+0100: 113.960: Total time for which application threads were stopped: 0.0000891 seconds, Stopping threads took: 0.0000192 seconds
2018-12-18T12:07:59.832+0100: 113.961: Total time for which application threads were stopped: 0.0000540 seconds, Stopping threads took: 0.0000200 seconds
2018-12-18T12:07:59.837+0100: 113.966: Total time for which application threads were stopped: 0.0003511 seconds, Stopping threads took: 0.0002736 seconds
2018-12-18T12:07:59.841+0100: 113.970: Total time for which application threads were stopped: 0.0002136 seconds, Stopping threads took: 0.0001534 seconds
2018-12-18T12:07:59.841+0100: 113.970: Total time for which application threads were stopped: 0.0000518 seconds, Stopping threads took: 0.0000130 seconds
2018-12-18T12:07:59.841+0100: 113.970: Total time for which application threads were stopped: 0.0000570 seconds, Stopping threads took: 0.0000275 seconds
2018-12-18T12:07:59.841+0100: 113.970: Total time for which application threads were stopped: 0.0002052 seconds, Stopping threads took: 0.0000197 seconds
2018-12-18T12:07:59.847+0100: 113.977: Total time for which application threads were stopped: 0.0000691 seconds, Stopping threads took: 0.0000219 seconds
2018-12-18T12:07:59.854+0100: 113.984: Total time for which application threads were stopped: 0.0003035 seconds, Stopping threads took: 0.0002449 seconds
2018-12-18T12:07:59.879+0100: 114.009: Total time for which application threads were stopped: 0.0000648 seconds, Stopping threads took: 0.0000197 seconds
2018-12-18T12:07:59.879+0100: 114.009: Total time for which application threads were stopped: 0.0000540 seconds, Stopping threads took: 0.0000232 seconds
2018-12-18T12:07:59.879+0100: 114.009: Total time for which application threads were stopped: 0.0000670 seconds, Stopping threads took: 0.0000159 seconds
2018-12-18T12:07:59.881+0100: 114.010: Total time for which application threads were stopped: 0.0001315 seconds, Stopping threads took: 0.0000851 seconds
2018-12-18T12:07:59.882+0100: 114.012: Total time for which application threads were stopped: 0.0001118 seconds, Stopping threads took: 0.0000305 seconds
2018-12-18T12:07:59.883+0100: 114.012: Total time for which application threads were stopped: 0.0000843 seconds, Stopping threads took: 0.0000216 seconds
2018-12-18T12:07:59.883+0100: 114.012: Total time for which application threads were stopped: 0.0000748 seconds, Stopping threads took: 0.0000416 seconds
2018-12-18T12:07:59.883+0100: 114.012: Total time for which application threads were stopped: 0.0000375 seconds, Stopping threads took: 0.0000111 seconds
2018-12-18T12:07:59.883+0100: 114.012: Total time for which application threads were stopped: 0.0000527 seconds, Stopping threads took: 0.0000248 seconds
2018-12-18T12:07:59.883+0100: 114.013: Total time for which application threads were stopped: 0.0000486 seconds, Stopping threads took: 0.0000192 seconds
2018-12-18T12:07:59.883+0100: 114.013: Total time for which application threads were stopped: 0.0000794 seconds, Stopping threads took: 0.0000397 seconds
2018-12-18T12:07:59.883+0100: 114.013: Total time for which application threads were stopped: 0.0000435 seconds, Stopping threads took: 0.0000159 seconds
2018-12-18T12:07:59.883+0100: 114.013: Total time for which application threads were stopped: 0.0000467 seconds, Stopping threads took: 0.0000181 seconds
2018-12-18T12:07:59.883+0100: 114.013: Total time for which application threads were stopped: 0.0000435 seconds, Stopping threads took: 0.0000186 seconds
2018-12-18T12:07:59.886+0100: 114.016: Total time for which application threads were stopped: 0.0000891 seconds, Stopping threads took: 0.0000246 seconds
2018-12-18T12:07:59.888+0100: 114.018: Total time for which application threads were stopped: 0.0000964 seconds, Stopping threads took: 0.0000292 seconds
2018-12-18T12:07:59.888+0100: 114.018: Total time for which application threads were stopped: 0.0000880 seconds, Stopping threads took: 0.0000351 seconds
2018-12-18T12:08:00.305+0100: 114.434: Total time for which application threads were stopped: 0.0002425 seconds, Stopping threads took: 0.0001944 seconds
2018-12-18T12:08:00.307+0100: 114.437: Total time for which application threads were stopped: 0.0002671 seconds, Stopping threads took: 0.0000491 seconds
2018-12-18T12:08:00.521+0100: 114.650: Total time for which application threads were stopped: 0.0000880 seconds, Stopping threads took: 0.0000216 seconds
2018-12-18T12:08:00.521+0100: 114.650: Total time for which application threads were stopped: 0.0000505 seconds, Stopping threads took: 0.0000140 seconds
2018-12-18T12:08:00.522+0100: 114.651: Total time for which application threads were stopped: 0.0000408 seconds, Stopping threads took: 0.0000103 seconds
2018-12-18T12:08:00.522+0100: 114.651: Total time for which application threads were stopped: 0.0000408 seconds, Stopping threads took: 0.0000116 seconds
2018-12-18T12:08:00.522+0100: 114.651: Total time for which application threads were stopped: 0.0000313 seconds, Stopping threads took: 0.0000086 seconds
2018-12-18T12:08:00.522+0100: 114.651: Total time for which application threads were stopped: 0.0000724 seconds, Stopping threads took: 0.0000267 seconds
2018-12-18T12:08:00.522+0100: 114.651: Total time for which application threads were stopped: 0.0000602 seconds, Stopping threads took: 0.0000224 seconds
2018-12-18T12:08:00.522+0100: 114.651: Total time for which application threads were stopped: 0.0000570 seconds, Stopping threads took: 0.0000219 seconds
2018-12-18T12:08:00.522+0100: 114.651: Total time for which application threads were stopped: 0.0000435 seconds, Stopping threads took: 0.0000119 seconds
2018-12-18T12:08:00.523+0100: 114.652: Total time for which application threads were stopped: 0.0000726 seconds, Stopping threads took: 0.0000111 seconds
2018-12-18T12:08:00.523+0100: 114.652: Total time for which application threads were stopped: 0.0000521 seconds, Stopping threads took: 0.0000205 seconds
2018-12-18T12:08:00.523+0100: 114.652: Total time for which application threads were stopped: 0.0000410 seconds, Stopping threads took: 0.0000113 seconds
2018-12-18T12:08:00.523+0100: 114.652: Total time for which application threads were stopped: 0.0000532 seconds, Stopping threads took: 0.0000227 seconds
2018-12-18T12:08:01.523+0100: 115.652: Total time for which application threads were stopped: 0.0000813 seconds, Stopping threads took: 0.0000221 seconds
2018-12-18T12:08:08.527+0100: 122.656: Total time for which application threads were stopped: 0.0000699 seconds, Stopping threads took: 0.0000208 seconds
2018-12-18T12:09:08.556+0100: 182.685: Total time for which application threads were stopped: 0.0000567 seconds, Stopping threads took: 0.0000219 seconds
2018-12-18T12:09:34.394+0100: 208.524: Total time for which application threads were stopped: 0.0000608 seconds, Stopping threads took: 0.0000227 seconds
2018-12-18T12:09:34.394+0100: 208.524: Total time for which application threads were stopped: 0.0000456 seconds, Stopping threads took: 0.0000194 seconds
2018-12-18T12:09:34.428+0100: 208.557: Total time for which application threads were stopped: 0.0000645 seconds, Stopping threads took: 0.0000162 seconds
2018-12-18T12:09:34.428+0100: 208.557: Total time for which application threads were stopped: 0.0000451 seconds, Stopping threads took: 0.0000127 seconds
2018-12-18T12:09:34.429+0100: 208.558: Total time for which application threads were stopped: 0.0000435 seconds, Stopping threads took: 0.0000151 seconds
2018-12-18T12:09:34.429+0100: 208.559: Total time for which application threads were stopped: 0.0001083 seconds, Stopping threads took: 0.0000699 seconds
2018-12-18T12:09:34.433+0100: 208.562: Total time for which application threads were stopped: 0.0000732 seconds, Stopping threads took: 0.0000278 seconds
2018-12-18T12:09:34.433+0100: 208.562: Total time for which application threads were stopped: 0.0000416 seconds, Stopping threads took: 0.0000119 seconds
2018-12-18T12:09:34.524+0100: 208.652: Total time for which application threads were stopped: 0.0000602 seconds, Stopping threads took: 0.0000154 seconds
2018-12-18T12:09:34.524+0100: 208.653: Total time for which application threads were stopped: 0.0000300 seconds, Stopping threads took: 0.0000095 seconds
2018-12-18T12:09:34.567+0100: 208.696: Total time for which application threads were stopped: 0.0002862 seconds, Stopping threads took: 0.0000194 seconds
2018-12-18T12:09:34.635+0100: 208.764: Total time for which application threads were stopped: 0.0000826 seconds, Stopping threads took: 0.0000203 seconds
2018-12-18T12:09:34.655+0100: 208.785: Total time for which application threads were stopped: 0.0000780 seconds, Stopping threads took: 0.0000246 seconds
2018-12-18T12:09:34.804+0100: 208.933: Total time for which application threads were stopped: 0.0002487 seconds, Stopping threads took: 0.0000192 seconds
2018-12-18T12:09:34.826+0100: 208.955: Total time for which application threads were stopped: 0.0004575 seconds, Stopping threads took: 0.0000265 seconds
{Heap before GC invocations=3 (full 1):
 par new generation   total 109248K, used 102713K [0x00000000e0000000, 0x00000000e8000000, 0x00000000e8000000)
  eden space 87424K, 100% used [0x00000000e0000000, 0x00000000e5560000, 0x00000000e5560000)
  from space 21824K,  70% used [0x00000000e6ab0000, 0x00000000e799e7e0, 0x00000000e8000000)
  to   space 21824K,   0% used [0x00000000e5560000, 0x00000000e5560000, 0x00000000e6ab0000)
 concurrent mark-sweep generation total 393216K, used 0K [0x00000000e8000000, 0x0000000100000000, 0x0000000100000000)
 Metaspace       used 30385K, capacity 31178K, committed 31544K, reserved 1077248K
  class space    used 3806K, capacity 4053K, committed 4156K, reserved 1048576K
2018-12-18T12:09:34.841+0100: 208.970: [GC (Allocation Failure) 2018-12-18T12:09:34.841+0100: 208.970: [ParNew
Desired survivor size 20112992 bytes, new threshold 8 (max 8)
- age   1:    4235168 bytes,    4235168 total
- age   2:    1163008 bytes,    5398176 total
- age   3:    2881120 bytes,    8279296 total
- age   4:    4998512 bytes,   13277808 total
: 102713K->14882K(109248K), 0.0060157 secs] 102713K->14882K(502464K), 0.0061100 secs] [Times: user=0.03 sys=0.00, real=0.01 secs] 
Heap after GC invocations=4 (full 1):
 par new generation   total 109248K, used 14882K [0x00000000e0000000, 0x00000000e8000000, 0x00000000e8000000)
  eden space 87424K,   0% used [0x00000000e0000000, 0x00000000e0000000, 0x00000000e5560000)
  from space 21824K,  68% used [0x00000000e5560000, 0x00000000e63e8ac8, 0x00000000e6ab0000)
  to   space 21824K,   0% used [0x00000000e6ab0000, 0x00000000e6ab0000, 0x00000000e8000000)
 concurrent mark-sweep generation total 393216K, used 0K [0x00000000e8000000, 0x0000000100000000, 0x0000000100000000)
 Metaspace       used 30385K, capacity 31178K, committed 31544K, reserved 1077248K
  class space    used 3806K, capacity 4053K, committed 4156K, reserved 1048576K
}
2018-12-18T12:09:34.848+0100: 208.977: Total time for which application threads were stopped: 0.0062966 seconds, Stopping threads took: 0.0000375 seconds
2018-12-18T12:09:34.848+0100: 208.977: Total time for which application threads were stopped: 0.0001175 seconds, Stopping threads took: 0.0000429 seconds
2018-12-18T12:09:34.895+0100: 209.024: Total time for which application threads were stopped: 0.0003132 seconds, Stopping threads took: 0.0000173 seconds
2018-12-18T12:09:35.020+0100: 209.150: Total time for which application threads were stopped: 0.0001177 seconds, Stopping threads took: 0.0000300 seconds
2018-12-18T12:09:35.022+0100: 209.152: Total time for which application threads were stopped: 0.0002690 seconds, Stopping threads took: 0.0001634 seconds
2018-12-18T12:09:35.055+0100: 209.185: Total time for which application threads were stopped: 0.0000897 seconds, Stopping threads took: 0.0000254 seconds
{Heap before GC invocations=4 (full 1):
 par new generation   total 109248K, used 102306K [0x00000000e0000000, 0x00000000e8000000, 0x00000000e8000000)
  eden space 87424K, 100% used [0x00000000e0000000, 0x00000000e5560000, 0x00000000e5560000)
  from space 21824K,  68% used [0x00000000e5560000, 0x00000000e63e8ac8, 0x00000000e6ab0000)
  to   space 21824K,   0% used [0x00000000e6ab0000, 0x00000000e6ab0000, 0x00000000e8000000)
 concurrent mark-sweep generation total 393216K, used 0K [0x00000000e8000000, 0x0000000100000000, 0x0000000100000000)
 Metaspace       used 31737K, capacity 32528K, committed 32696K, reserved 1077248K
  class space    used 3969K, capacity 4226K, committed 4284K, reserved 1048576K
2018-12-18T12:09:35.061+0100: 209.191: [GC (Allocation Failure) 2018-12-18T12:09:35.061+0100: 209.191: [ParNew
Desired survivor size 20112992 bytes, new threshold 8 (max 8)
- age   1:    2667944 bytes,    2667944 total
- age   2:    1703056 bytes,    4371000 total
- age   3:    1162504 bytes,    5533504 total
- age   4:    2877768 bytes,    8411272 total
- age   5:    4996120 bytes,   13407392 total
: 102306K->19912K(109248K), 0.0058227 secs] 102306K->19912K(502464K), 0.0059412 secs] [Times: user=0.05 sys=0.02, real=0.01 secs] 
Heap after GC invocations=5 (full 1):
 par new generation   total 109248K, used 19912K [0x00000000e0000000, 0x00000000e8000000, 0x00000000e8000000)
  eden space 87424K,   0% used [0x00000000e0000000, 0x00000000e0000000, 0x00000000e5560000)
  from space 21824K,  91% used [0x00000000e6ab0000, 0x00000000e7e22068, 0x00000000e8000000)
  to   space 21824K,   0% used [0x00000000e5560000, 0x00000000e5560000, 0x00000000e6ab0000)
 concurrent mark-sweep generation total 393216K, used 0K [0x00000000e8000000, 0x0000000100000000, 0x0000000100000000)
 Metaspace       used 31737K, capacity 32528K, committed 32696K, reserved 1077248K
  class space    used 3969K, capacity 4226K, committed 4284K, reserved 1048576K
}
2018-12-18T12:09:35.067+0100: 209.197: Total time for which application threads were stopped: 0.0061929 seconds, Stopping threads took: 0.0001102 seconds
2018-12-18T12:09:35.067+0100: 209.197: Total time for which application threads were stopped: 0.0001102 seconds, Stopping threads took: 0.0000370 seconds
2018-12-18T12:09:35.174+0100: 209.303: Total time for which application threads were stopped: 0.0001375 seconds, Stopping threads took: 0.0000402 seconds
2018-12-18T12:09:35.181+0100: 209.311: Total time for which application threads were stopped: 0.0003629 seconds, Stopping threads took: 0.0003003 seconds
2018-12-18T12:09:35.184+0100: 209.313: Total time for which application threads were stopped: 0.0000721 seconds, Stopping threads took: 0.0000200 seconds
2018-12-18T12:09:35.185+0100: 209.314: Total time for which application threads were stopped: 0.0000821 seconds, Stopping threads took: 0.0000248 seconds
2018-12-18T12:09:35.185+0100: 209.314: Total time for which application threads were stopped: 0.0000791 seconds, Stopping threads took: 0.0000308 seconds
2018-12-18T12:09:35.192+0100: 209.321: Total time for which application threads were stopped: 0.0000864 seconds, Stopping threads took: 0.0000262 seconds
{Heap before GC invocations=5 (full 1):
 par new generation   total 109248K, used 107336K [0x00000000e0000000, 0x00000000e8000000, 0x00000000e8000000)
  eden space 87424K, 100% used [0x00000000e0000000, 0x00000000e5560000, 0x00000000e5560000)
  from space 21824K,  91% used [0x00000000e6ab0000, 0x00000000e7e22068, 0x00000000e8000000)
  to   space 21824K,   0% used [0x00000000e5560000, 0x00000000e5560000, 0x00000000e6ab0000)
 concurrent mark-sweep generation total 393216K, used 0K [0x00000000e8000000, 0x0000000100000000, 0x0000000100000000)
 Metaspace       used 32908K, capacity 33738K, committed 33848K, reserved 1079296K
  class space    used 4131K, capacity 4393K, committed 4412K, reserved 1048576K
2018-12-18T12:09:35.235+0100: 209.364: [GC (Allocation Failure) 2018-12-18T12:09:35.235+0100: 209.364: [ParNew
Desired survivor size 20112992 bytes, new threshold 8 (max 8)
- age   1:    1293440 bytes,    1293440 total
- age   2:    1109296 bytes,    2402736 total
- age   3:    1692360 bytes,    4095096 total
- age   4:    1160216 bytes,    5255312 total
- age   5:    2877208 bytes,    8132520 total
- age   6:    4995864 bytes,   13128384 total
: 107336K->15294K(109248K), 0.0059342 secs] 107336K->15294K(502464K), 0.0060147 secs] [Times: user=0.06 sys=0.00, real=0.01 secs] 
Heap after GC invocations=6 (full 1):
 par new generation   total 109248K, used 15294K [0x00000000e0000000, 0x00000000e8000000, 0x00000000e8000000)
  eden space 87424K,   0% used [0x00000000e0000000, 0x00000000e0000000, 0x00000000e5560000)
  from space 21824K,  70% used [0x00000000e5560000, 0x00000000e644fa20, 0x00000000e6ab0000)
  to   space 21824K,   0% used [0x00000000e6ab0000, 0x00000000e6ab0000, 0x00000000e8000000)
 concurrent mark-sweep generation total 393216K, used 0K [0x00000000e8000000, 0x0000000100000000, 0x0000000100000000)
 Metaspace       used 32908K, capacity 33738K, committed 33848K, reserved 1079296K
  class space    used 4131K, capacity 4393K, committed 4412K, reserved 1048576K
}
2018-12-18T12:09:35.241+0100: 209.370: Total time for which application threads were stopped: 0.0061926 seconds, Stopping threads took: 0.0000208 seconds
2018-12-18T12:09:35.262+0100: 209.391: Total time for which application threads were stopped: 0.0003062 seconds, Stopping threads took: 0.0000192 seconds
2018-12-18T12:09:35.403+0100: 209.533: Total time for which application threads were stopped: 0.0003702 seconds, Stopping threads took: 0.0000254 seconds
2018-12-18T12:09:35.486+0100: 209.615: Total time for which application threads were stopped: 0.0001204 seconds, Stopping threads took: 0.0000324 seconds
{Heap before GC invocations=6 (full 1):
 par new generation   total 109248K, used 102718K [0x00000000e0000000, 0x00000000e8000000, 0x00000000e8000000)
  eden space 87424K, 100% used [0x00000000e0000000, 0x00000000e5560000, 0x00000000e5560000)
  from space 21824K,  70% used [0x00000000e5560000, 0x00000000e644fa20, 0x00000000e6ab0000)
  to   space 21824K,   0% used [0x00000000e6ab0000, 0x00000000e6ab0000, 0x00000000e8000000)
 concurrent mark-sweep generation total 393216K, used 0K [0x00000000e8000000, 0x0000000100000000, 0x0000000100000000)
 Metaspace       used 36455K, capacity 37402K, committed 37688K, reserved 1081344K
  class space    used 4562K, capacity 4823K, committed 4924K, reserved 1048576K
2018-12-18T12:09:35.718+0100: 209.848: [GC (Allocation Failure) 2018-12-18T12:09:35.718+0100: 209.848: [ParNew
Desired survivor size 20112992 bytes, new threshold 8 (max 8)
- age   1:    4865768 bytes,    4865768 total
- age   2:     271752 bytes,    5137520 total
- age   3:     412624 bytes,    5550144 total
- age   4:    1664976 bytes,    7215120 total
- age   5:    1156808 bytes,    8371928 total
- age   6:    2869616 bytes,   11241544 total
- age   7:    4959280 bytes,   16200824 total
: 102718K->21824K(109248K), 0.0073803 secs] 102718K->21824K(502464K), 0.0074478 secs] [Times: user=0.06 sys=0.00, real=0.01 secs] 
Heap after GC invocations=7 (full 1):
 par new generation   total 109248K, used 21824K [0x00000000e0000000, 0x00000000e8000000, 0x00000000e8000000)
  eden space 87424K,   0% used [0x00000000e0000000, 0x00000000e0000000, 0x00000000e5560000)
  from space 21824K, 100% used [0x00000000e6ab0000, 0x00000000e8000000, 0x00000000e8000000)
  to   space 21824K,   0% used [0x00000000e5560000, 0x00000000e5560000, 0x00000000e6ab0000)
 concurrent mark-sweep generation total 393216K, used 0K [0x00000000e8000000, 0x0000000100000000, 0x0000000100000000)
 Metaspace       used 36455K, capacity 37402K, committed 37688K, reserved 1081344K
  class space    used 4562K, capacity 4823K, committed 4924K, reserved 1048576K
}
2018-12-18T12:09:35.725+0100: 209.855: Total time for which application threads were stopped: 0.0076371 seconds, Stopping threads took: 0.0000319 seconds
2018-12-18T12:09:35.926+0100: 210.055: Total time for which application threads were stopped: 0.0003170 seconds, Stopping threads took: 0.0002287 seconds
2018-12-18T12:09:35.953+0100: 210.082: Total time for which application threads were stopped: 0.0003718 seconds, Stopping threads took: 0.0000200 seconds
2018-12-18T12:09:35.971+0100: 210.100: Total time for which application threads were stopped: 0.0003651 seconds, Stopping threads took: 0.0000216 seconds
2018-12-18T12:09:36.015+0100: 210.144: Total time for which application threads were stopped: 0.0001218 seconds, Stopping threads took: 0.0000308 seconds
2018-12-18T12:09:36.016+0100: 210.145: Total time for which application threads were stopped: 0.0001048 seconds, Stopping threads took: 0.0000254 seconds
2018-12-18T12:09:37.016+0100: 211.145: Total time for which application threads were stopped: 0.0000643 seconds, Stopping threads took: 0.0000238 seconds
2018-12-18T12:10:00.514+0100: 234.644: Total time for which application threads were stopped: 0.0000643 seconds, Stopping threads took: 0.0000275 seconds
2018-12-18T12:10:08.488+0100: 242.617: Total time for which application threads were stopped: 0.0000513 seconds, Stopping threads took: 0.0000184 seconds
2018-12-18T12:10:09.488+0100: 243.617: Total time for which application threads were stopped: 0.0000767 seconds, Stopping threads took: 0.0000275 seconds
2018-12-18T12:10:17.603+0100: 251.733: Total time for which application threads were stopped: 0.0000724 seconds, Stopping threads took: 0.0000224 seconds
2018-12-18T12:10:17.604+0100: 251.733: Total time for which application threads were stopped: 0.0000527 seconds, Stopping threads took: 0.0000211 seconds
2018-12-18T12:10:17.604+0100: 251.734: Total time for which application threads were stopped: 0.0000386 seconds, Stopping threads took: 0.0000173 seconds
2018-12-18T12:10:17.604+0100: 251.734: Total time for which application threads were stopped: 0.0000335 seconds, Stopping threads took: 0.0000113 seconds
2018-12-18T12:10:17.604+0100: 251.734: Total time for which application threads were stopped: 0.0000308 seconds, Stopping threads took: 0.0000100 seconds
2018-12-18T12:10:17.604+0100: 251.734: Total time for which application threads were stopped: 0.0000257 seconds, Stopping threads took: 0.0000081 seconds
2018-12-18T12:10:17.870+0100: 251.999: Total time for which application threads were stopped: 0.0001353 seconds, Stopping threads took: 0.0000200 seconds
2018-12-18T12:10:17.880+0100: 252.009: Total time for which application threads were stopped: 0.0000861 seconds, Stopping threads took: 0.0000240 seconds
2018-12-18T12:10:17.881+0100: 252.010: Total time for which application threads were stopped: 0.0000937 seconds, Stopping threads took: 0.0000286 seconds
2018-12-18T12:10:17.906+0100: 252.035: Total time for which application threads were stopped: 0.0000902 seconds, Stopping threads took: 0.0000292 seconds
2018-12-18T12:10:17.906+0100: 252.035: Total time for which application threads were stopped: 0.0000551 seconds, Stopping threads took: 0.0000194 seconds
2018-12-18T12:10:17.906+0100: 252.035: Total time for which application threads were stopped: 0.0000632 seconds, Stopping threads took: 0.0000340 seconds
2018-12-18T12:10:17.906+0100: 252.035: Total time for which application threads were stopped: 0.0000678 seconds, Stopping threads took: 0.0000130 seconds
2018-12-18T12:10:17.906+0100: 252.035: Total time for which application threads were stopped: 0.0000375 seconds, Stopping threads took: 0.0000111 seconds
2018-12-18T12:10:17.907+0100: 252.036: Total time for which application threads were stopped: 0.0000559 seconds, Stopping threads took: 0.0000192 seconds
2018-12-18T12:10:17.907+0100: 252.036: Total time for which application threads were stopped: 0.0001142 seconds, Stopping threads took: 0.0000138 seconds
2018-12-18T12:10:18.907+0100: 253.036: Total time for which application threads were stopped: 0.0000710 seconds, Stopping threads took: 0.0000186 seconds
2018-12-18T12:10:19.701+0100: 253.830: Total time for which application threads were stopped: 0.0000902 seconds, Stopping threads took: 0.0000346 seconds
2018-12-18T12:10:19.702+0100: 253.832: Total time for which application threads were stopped: 0.0000794 seconds, Stopping threads took: 0.0000386 seconds
2018-12-18T12:10:19.703+0100: 253.832: Total time for which application threads were stopped: 0.0000635 seconds, Stopping threads took: 0.0000243 seconds
2018-12-18T12:10:19.703+0100: 253.832: Total time for which application threads were stopped: 0.0001917 seconds, Stopping threads took: 0.0001510 seconds
2018-12-18T12:10:19.703+0100: 253.833: Total time for which application threads were stopped: 0.0000681 seconds, Stopping threads took: 0.0000289 seconds
2018-12-18T12:10:19.704+0100: 253.833: Total time for which application threads were stopped: 0.0001380 seconds, Stopping threads took: 0.0000905 seconds
2018-12-18T12:10:19.704+0100: 253.833: Total time for which application threads were stopped: 0.0000581 seconds, Stopping threads took: 0.0000167 seconds
2018-12-18T12:10:19.704+0100: 253.833: Total time for which application threads were stopped: 0.0000648 seconds, Stopping threads took: 0.0000178 seconds
2018-12-18T12:10:19.704+0100: 253.833: Total time for which application threads were stopped: 0.0000637 seconds, Stopping threads took: 0.0000194 seconds
2018-12-18T12:10:19.704+0100: 253.834: Total time for which application threads were stopped: 0.0000510 seconds, Stopping threads took: 0.0000257 seconds
2018-12-18T12:10:19.705+0100: 253.834: Total time for which application threads were stopped: 0.0001242 seconds, Stopping threads took: 0.0000681 seconds
2018-12-18T12:10:19.713+0100: 253.842: Total time for which application threads were stopped: 0.0013189 seconds, Stopping threads took: 0.0012190 seconds
2018-12-18T12:10:19.714+0100: 253.843: Total time for which application threads were stopped: 0.0000767 seconds, Stopping threads took: 0.0000232 seconds
2018-12-18T12:10:19.718+0100: 253.848: Total time for which application threads were stopped: 0.0001785 seconds, Stopping threads took: 0.0001140 seconds
2018-12-18T12:10:19.722+0100: 253.851: Total time for which application threads were stopped: 0.0001118 seconds, Stopping threads took: 0.0000537 seconds
2018-12-18T12:10:19.722+0100: 253.851: Total time for which application threads were stopped: 0.0000564 seconds, Stopping threads took: 0.0000251 seconds
2018-12-18T12:10:19.722+0100: 253.851: Total time for which application threads were stopped: 0.0000805 seconds, Stopping threads took: 0.0000305 seconds
2018-12-18T12:10:19.737+0100: 253.866: Total time for which application threads were stopped: 0.0001191 seconds, Stopping threads took: 0.0000257 seconds
2018-12-18T12:10:19.743+0100: 253.872: Total time for which application threads were stopped: 0.0001023 seconds, Stopping threads took: 0.0000294 seconds
2018-12-18T12:10:19.767+0100: 253.896: Total time for which application threads were stopped: 0.0000940 seconds, Stopping threads took: 0.0000416 seconds
2018-12-18T12:11:08.789+0100: 302.918: Total time for which application threads were stopped: 0.0000826 seconds, Stopping threads took: 0.0000246 seconds
2018-12-18T12:12:00.576+0100: 354.706: Total time for which application threads were stopped: 0.0000686 seconds, Stopping threads took: 0.0000235 seconds
2018-12-18T12:12:00.581+0100: 354.710: Total time for which application threads were stopped: 0.0000913 seconds, Stopping threads took: 0.0000416 seconds
2018-12-18T12:12:00.759+0100: 354.888: Total time for which application threads were stopped: 0.0001010 seconds, Stopping threads took: 0.0000270 seconds
2018-12-18T12:12:00.765+0100: 354.894: Total time for which application threads were stopped: 0.0000894 seconds, Stopping threads took: 0.0000313 seconds
2018-12-18T12:12:01.765+0100: 355.894: Total time for which application threads were stopped: 0.0000605 seconds, Stopping threads took: 0.0000232 seconds
2018-12-18T12:12:08.768+0100: 362.897: Total time for which application threads were stopped: 0.0000581 seconds, Stopping threads took: 0.0000254 seconds
2018-12-18T12:12:29.074+0100: 383.203: Total time for which application threads were stopped: 0.0000656 seconds, Stopping threads took: 0.0000238 seconds
2018-12-18T12:12:29.074+0100: 383.203: Total time for which application threads were stopped: 0.0000402 seconds, Stopping threads took: 0.0000113 seconds
2018-12-18T12:12:29.093+0100: 383.222: Total time for which application threads were stopped: 0.0000521 seconds, Stopping threads took: 0.0000165 seconds
2018-12-18T12:12:30.093+0100: 384.222: Total time for which application threads were stopped: 0.0000562 seconds, Stopping threads took: 0.0000205 seconds
2018-12-18T12:13:01.110+0100: 415.239: Total time for which application threads were stopped: 0.0000821 seconds, Stopping threads took: 0.0000278 seconds
2018-12-18T12:13:09.114+0100: 423.242: Total time for which application threads were stopped: 0.0000813 seconds, Stopping threads took: 0.0000259 seconds
2018-12-18T12:14:09.143+0100: 483.272: Total time for which application threads were stopped: 0.0000616 seconds, Stopping threads took: 0.0000219 seconds
2018-12-18T12:15:09.169+0100: 543.298: Total time for which application threads were stopped: 0.0000610 seconds, Stopping threads took: 0.0000197 seconds
2018-12-18T12:15:20.173+0100: 554.302: Total time for which application threads were stopped: 0.0000678 seconds, Stopping threads took: 0.0000254 seconds
2018-12-18T12:15:32.964+0100: 567.093: Total time for which application threads were stopped: 0.0000910 seconds, Stopping threads took: 0.0000416 seconds
2018-12-18T12:15:32.964+0100: 567.093: Total time for which application threads were stopped: 0.0000626 seconds, Stopping threads took: 0.0000267 seconds
2018-12-18T12:15:33.965+0100: 568.093: Total time for which application threads were stopped: 0.0000575 seconds, Stopping threads took: 0.0000221 seconds
2018-12-18T12:16:08.979+0100: 603.108: Total time for which application threads were stopped: 0.0001682 seconds, Stopping threads took: 0.0000510 seconds
2018-12-18T12:18:21.573+0100: 735.703: Total time for which application threads were stopped: 0.0000751 seconds, Stopping threads took: 0.0000235 seconds
2018-12-18T12:18:21.574+0100: 735.703: Total time for which application threads were stopped: 0.0000397 seconds, Stopping threads took: 0.0000113 seconds
2018-12-18T12:18:21.574+0100: 735.703: Total time for which application threads were stopped: 0.0000478 seconds, Stopping threads took: 0.0000140 seconds
2018-12-18T12:18:21.699+0100: 735.829: Total time for which application threads were stopped: 0.0000902 seconds, Stopping threads took: 0.0000351 seconds
2018-12-18T12:18:21.700+0100: 735.830: Total time for which application threads were stopped: 0.0000843 seconds, Stopping threads took: 0.0000259 seconds
2018-12-18T12:18:21.701+0100: 735.830: Total time for which application threads were stopped: 0.0000478 seconds, Stopping threads took: 0.0000151 seconds
2018-12-18T12:18:21.701+0100: 735.830: Total time for which application threads were stopped: 0.0000400 seconds, Stopping threads took: 0.0000119 seconds
2018-12-18T12:18:21.701+0100: 735.831: Total time for which application threads were stopped: 0.0000408 seconds, Stopping threads took: 0.0000138 seconds
2018-12-18T12:18:21.701+0100: 735.831: Total time for which application threads were stopped: 0.0000613 seconds, Stopping threads took: 0.0000124 seconds
2018-12-18T12:18:21.701+0100: 735.831: Total time for which application threads were stopped: 0.0000343 seconds, Stopping threads took: 0.0000108 seconds
2018-12-18T12:18:21.701+0100: 735.831: Total time for which application threads were stopped: 0.0000599 seconds, Stopping threads took: 0.0000343 seconds
2018-12-18T12:18:21.723+0100: 735.852: Total time for which application threads were stopped: 0.0002220 seconds, Stopping threads took: 0.0000400 seconds
2018-12-18T12:18:22.723+0100: 736.852: Total time for which application threads were stopped: 0.0000589 seconds, Stopping threads took: 0.0000213 seconds
2018-12-18T12:18:23.836+0100: 737.966: Total time for which application threads were stopped: 0.0000621 seconds, Stopping threads took: 0.0000211 seconds
2018-12-18T12:18:23.837+0100: 737.966: Total time for which application threads were stopped: 0.0000718 seconds, Stopping threads took: 0.0000246 seconds
2018-12-18T12:18:23.837+0100: 737.967: Total time for which application threads were stopped: 0.0000748 seconds, Stopping threads took: 0.0000275 seconds
2018-12-18T12:18:23.863+0100: 737.992: Total time for which application threads were stopped: 0.0000589 seconds, Stopping threads took: 0.0000203 seconds
2018-12-18T12:18:28.328+0100: 742.458: Total time for which application threads were stopped: 0.0030099 seconds, Stopping threads took: 0.0024960 seconds
2018-12-18T12:18:28.343+0100: 742.473: Total time for which application threads were stopped: 0.0000967 seconds, Stopping threads took: 0.0000473 seconds
2018-12-18T12:18:28.343+0100: 742.473: Total time for which application threads were stopped: 0.0000454 seconds, Stopping threads took: 0.0000119 seconds
2018-12-18T12:18:35.346+0100: 749.475: Total time for which application threads were stopped: 0.0000559 seconds, Stopping threads took: 0.0000213 seconds
2018-12-18T12:18:39.349+0100: 753.478: Total time for which application threads were stopped: 0.0000618 seconds, Stopping threads took: 0.0000211 seconds
2018-12-18T12:19:09.365+0100: 783.494: Total time for which application threads were stopped: 0.0000672 seconds, Stopping threads took: 0.0000254 seconds
2018-12-18T12:21:09.481+0100: 903.610: Total time for which application threads were stopped: 0.0000626 seconds, Stopping threads took: 0.0000235 seconds
2018-12-18T12:23:20.092+0100: 1034.221: Total time for which application threads were stopped: 0.0000678 seconds, Stopping threads took: 0.0000221 seconds
2018-12-18T12:23:20.092+0100: 1034.222: Total time for which application threads were stopped: 0.0000392 seconds, Stopping threads took: 0.0000127 seconds
2018-12-18T12:23:20.093+0100: 1034.222: Total time for which application threads were stopped: 0.0000556 seconds, Stopping threads took: 0.0000178 seconds
2018-12-18T12:23:20.211+0100: 1034.340: Total time for which application threads were stopped: 0.0000659 seconds, Stopping threads took: 0.0000227 seconds
2018-12-18T12:23:20.212+0100: 1034.341: Total time for which application threads were stopped: 0.0000853 seconds, Stopping threads took: 0.0000400 seconds
2018-12-18T12:23:20.212+0100: 1034.341: Total time for which application threads were stopped: 0.0000599 seconds, Stopping threads took: 0.0000208 seconds
2018-12-18T12:23:20.212+0100: 1034.341: Total time for which application threads were stopped: 0.0000689 seconds, Stopping threads took: 0.0000381 seconds
2018-12-18T12:23:20.212+0100: 1034.341: Total time for which application threads were stopped: 0.0000594 seconds, Stopping threads took: 0.0000232 seconds
2018-12-18T12:23:20.212+0100: 1034.341: Total time for which application threads were stopped: 0.0000464 seconds, Stopping threads took: 0.0000208 seconds
2018-12-18T12:23:20.213+0100: 1034.342: Total time for which application threads were stopped: 0.0000497 seconds, Stopping threads took: 0.0000200 seconds
2018-12-18T12:23:20.214+0100: 1034.343: Total time for which application threads were stopped: 0.0001555 seconds, Stopping threads took: 0.0000378 seconds
2018-12-18T12:23:20.242+0100: 1034.370: Total time for which application threads were stopped: 0.0001050 seconds, Stopping threads took: 0.0000308 seconds
2018-12-18T12:23:20.242+0100: 1034.371: Total time for which application threads were stopped: 0.0000818 seconds, Stopping threads took: 0.0000305 seconds
2018-12-18T12:23:20.264+0100: 1034.393: Total time for which application threads were stopped: 0.0000945 seconds, Stopping threads took: 0.0000356 seconds
2018-12-18T12:23:20.267+0100: 1034.396: Total time for which application threads were stopped: 0.0000805 seconds, Stopping threads took: 0.0000232 seconds
2018-12-18T12:23:21.267+0100: 1035.396: Total time for which application threads were stopped: 0.0000529 seconds, Stopping threads took: 0.0000181 seconds
2018-12-18T12:23:23.268+0100: 1037.396: Total time for which application threads were stopped: 0.0000608 seconds, Stopping threads took: 0.0000221 seconds
2018-12-18T12:23:29.270+0100: 1043.398: Total time for which application threads were stopped: 0.0000797 seconds, Stopping threads took: 0.0000281 seconds
2018-12-18T12:25:09.318+0100: 1143.447: Total time for which application threads were stopped: 0.0000613 seconds, Stopping threads took: 0.0000213 seconds
2018-12-18T12:26:06.502+0100: 1200.631: Total time for which application threads were stopped: 0.0000834 seconds, Stopping threads took: 0.0000354 seconds
2018-12-18T12:26:06.502+0100: 1200.631: Total time for which application threads were stopped: 0.0000583 seconds, Stopping threads took: 0.0000181 seconds
2018-12-18T12:26:06.502+0100: 1200.632: Total time for which application threads were stopped: 0.0000529 seconds, Stopping threads took: 0.0000232 seconds
2018-12-18T12:26:09.503+0100: 1203.632: Total time for which application threads were stopped: 0.0000610 seconds, Stopping threads took: 0.0000232 seconds
2018-12-18T12:38:09.847+0100: 1923.975: Total time for which application threads were stopped: 0.0000748 seconds, Stopping threads took: 0.0000275 seconds
2018-12-18T12:39:51.669+0100: 2025.797: Total time for which application threads were stopped: 0.0000794 seconds, Stopping threads took: 0.0000294 seconds
2018-12-18T12:39:51.669+0100: 2025.798: Total time for which application threads were stopped: 0.0001032 seconds, Stopping threads took: 0.0000146 seconds
2018-12-18T12:39:51.670+0100: 2025.799: Total time for which application threads were stopped: 0.0000486 seconds, Stopping threads took: 0.0000159 seconds
{Heap before GC invocations=7 (full 1):
 par new generation   total 109248K, used 109248K [0x00000000e0000000, 0x00000000e8000000, 0x00000000e8000000)
  eden space 87424K, 100% used [0x00000000e0000000, 0x00000000e5560000, 0x00000000e5560000)
  from space 21824K, 100% used [0x00000000e6ab0000, 0x00000000e8000000, 0x00000000e8000000)
  to   space 21824K,   0% used [0x00000000e5560000, 0x00000000e5560000, 0x00000000e6ab0000)
 concurrent mark-sweep generation total 393216K, used 0K [0x00000000e8000000, 0x0000000100000000, 0x0000000100000000)
 Metaspace       used 39569K, capacity 40708K, committed 40888K, reserved 1085440K
  class space    used 5001K, capacity 5300K, committed 5308K, reserved 1048576K
2018-12-18T12:39:51.675+0100: 2025.805: [GC (Allocation Failure) 2018-12-18T12:39:51.675+0100: 2025.805: [ParNew
Desired survivor size 20112992 bytes, new threshold 8 (max 8)
- age   1:    5818472 bytes,    5818472 total
- age   2:    1558752 bytes,    7377224 total
- age   3:     264960 bytes,    7642184 total
- age   4:     411232 bytes,    8053416 total
- age   5:    1468696 bytes,    9522112 total
- age   6:    1153840 bytes,   10675952 total
- age   7:    2869488 bytes,   13545440 total
- age   8:    4957312 bytes,   18502752 total
: 109248K->21797K(109248K), 0.0101714 secs] 109248K->21797K(502464K), 0.0103043 secs] [Times: user=0.00 sys=0.00, real=0.01 secs] 
Heap after GC invocations=8 (full 1):
 par new generation   total 109248K, used 21797K [0x00000000e0000000, 0x00000000e8000000, 0x00000000e8000000)
  eden space 87424K,   0% used [0x00000000e0000000, 0x00000000e0000000, 0x00000000e5560000)
  from space 21824K,  99% used [0x00000000e5560000, 0x00000000e6aa96f0, 0x00000000e6ab0000)
  to   space 21824K,   0% used [0x00000000e6ab0000, 0x00000000e6ab0000, 0x00000000e8000000)
 concurrent mark-sweep generation total 393216K, used 0K [0x00000000e8000000, 0x0000000100000000, 0x0000000100000000)
 Metaspace       used 39569K, capacity 40708K, committed 40888K, reserved 1085440K
  class space    used 5001K, capacity 5300K, committed 5308K, reserved 1048576K
}
2018-12-18T12:39:51.685+0100: 2025.815: Total time for which application threads were stopped: 0.0104501 seconds, Stopping threads took: 0.0000165 seconds
2018-12-18T12:39:51.685+0100: 2025.815: Total time for which application threads were stopped: 0.0000678 seconds, Stopping threads took: 0.0000329 seconds
2018-12-18T12:39:51.702+0100: 2025.832: Total time for which application threads were stopped: 0.0000559 seconds, Stopping threads took: 0.0000157 seconds
2018-12-18T12:39:51.837+0100: 2025.966: Total time for which application threads were stopped: 0.0003716 seconds, Stopping threads took: 0.0000192 seconds
2018-12-18T12:39:51.840+0100: 2025.969: Total time for which application threads were stopped: 0.0000516 seconds, Stopping threads took: 0.0000157 seconds
2018-12-18T12:39:51.842+0100: 2025.971: Total time for which application threads were stopped: 0.0000386 seconds, Stopping threads took: 0.0000130 seconds
2018-12-18T12:39:51.842+0100: 2025.971: Total time for which application threads were stopped: 0.0000262 seconds, Stopping threads took: 0.0000084 seconds
2018-12-18T12:39:51.842+0100: 2025.971: Total time for which application threads were stopped: 0.0000235 seconds, Stopping threads took: 0.0000081 seconds
2018-12-18T12:39:51.852+0100: 2025.981: Total time for which application threads were stopped: 0.0000440 seconds, Stopping threads took: 0.0000143 seconds
2018-12-18T12:39:51.852+0100: 2025.981: Total time for which application threads were stopped: 0.0000243 seconds, Stopping threads took: 0.0000084 seconds
2018-12-18T12:39:51.862+0100: 2025.991: Total time for which application threads were stopped: 0.0000435 seconds, Stopping threads took: 0.0000151 seconds
2018-12-18T12:39:51.862+0100: 2025.991: Total time for which application threads were stopped: 0.0000257 seconds, Stopping threads took: 0.0000081 seconds
2018-12-18T12:39:51.875+0100: 2026.005: Total time for which application threads were stopped: 0.0000605 seconds, Stopping threads took: 0.0000197 seconds
2018-12-18T12:39:51.883+0100: 2026.013: Total time for which application threads were stopped: 0.0000483 seconds, Stopping threads took: 0.0000157 seconds
2018-12-18T12:39:51.884+0100: 2026.013: Total time for which application threads were stopped: 0.0000402 seconds, Stopping threads took: 0.0000154 seconds
2018-12-18T12:39:51.885+0100: 2026.014: Total time for which application threads were stopped: 0.0000532 seconds, Stopping threads took: 0.0000227 seconds
2018-12-18T12:39:51.885+0100: 2026.015: Total time for which application threads were stopped: 0.0000394 seconds, Stopping threads took: 0.0000151 seconds
2018-12-18T12:39:51.886+0100: 2026.015: Total time for which application threads were stopped: 0.0000456 seconds, Stopping threads took: 0.0000197 seconds
2018-12-18T12:39:51.886+0100: 2026.016: Total time for which application threads were stopped: 0.0000459 seconds, Stopping threads took: 0.0000203 seconds
2018-12-18T12:39:51.887+0100: 2026.016: Total time for which application threads were stopped: 0.0000427 seconds, Stopping threads took: 0.0000181 seconds
2018-12-18T12:39:51.887+0100: 2026.017: Total time for which application threads were stopped: 0.0000370 seconds, Stopping threads took: 0.0000130 seconds
2018-12-18T12:39:51.888+0100: 2026.017: Total time for which application threads were stopped: 0.0000413 seconds, Stopping threads took: 0.0000178 seconds
2018-12-18T12:39:51.888+0100: 2026.018: Total time for which application threads were stopped: 0.0000373 seconds, Stopping threads took: 0.0000165 seconds
2018-12-18T12:39:51.889+0100: 2026.018: Total time for which application threads were stopped: 0.0000394 seconds, Stopping threads took: 0.0000176 seconds
2018-12-18T12:39:51.889+0100: 2026.018: Total time for which application threads were stopped: 0.0000302 seconds, Stopping threads took: 0.0000097 seconds
2018-12-18T12:39:51.890+0100: 2026.019: Total time for which application threads were stopped: 0.0000359 seconds, Stopping threads took: 0.0000105 seconds
2018-12-18T12:39:51.890+0100: 2026.019: Total time for which application threads were stopped: 0.0000365 seconds, Stopping threads took: 0.0000165 seconds
2018-12-18T12:39:51.890+0100: 2026.020: Total time for which application threads were stopped: 0.0000259 seconds, Stopping threads took: 0.0000092 seconds
2018-12-18T12:39:51.891+0100: 2026.020: Total time for which application threads were stopped: 0.0000386 seconds, Stopping threads took: 0.0000176 seconds
2018-12-18T12:39:51.891+0100: 2026.021: Total time for which application threads were stopped: 0.0000262 seconds, Stopping threads took: 0.0000097 seconds
2018-12-18T12:39:51.892+0100: 2026.021: Total time for which application threads were stopped: 0.0000329 seconds, Stopping threads took: 0.0000119 seconds
2018-12-18T12:39:51.892+0100: 2026.021: Total time for which application threads were stopped: 0.0001015 seconds, Stopping threads took: 0.0000127 seconds
2018-12-18T12:39:51.900+0100: 2026.029: Total time for which application threads were stopped: 0.0001426 seconds, Stopping threads took: 0.0000235 seconds
2018-12-18T12:39:51.909+0100: 2026.038: Total time for which application threads were stopped: 0.0000824 seconds, Stopping threads took: 0.0000238 seconds
2018-12-18T12:39:52.014+0100: 2026.143: Total time for which application threads were stopped: 0.0001237 seconds, Stopping threads took: 0.0000273 seconds
{Heap before GC invocations=8 (full 1):
 par new generation   total 109248K, used 109221K [0x00000000e0000000, 0x00000000e8000000, 0x00000000e8000000)
  eden space 87424K, 100% used [0x00000000e0000000, 0x00000000e5560000, 0x00000000e5560000)
  from space 21824K,  99% used [0x00000000e5560000, 0x00000000e6aa96f0, 0x00000000e6ab0000)
  to   space 21824K,   0% used [0x00000000e6ab0000, 0x00000000e6ab0000, 0x00000000e8000000)
 concurrent mark-sweep generation total 393216K, used 0K [0x00000000e8000000, 0x0000000100000000, 0x0000000100000000)
 Metaspace       used 41397K, capacity 42620K, committed 42936K, reserved 1087488K
  class space    used 5156K, capacity 5454K, committed 5564K, reserved 1048576K
2018-12-18T12:39:52.217+0100: 2026.347: [GC (Allocation Failure) 2018-12-18T12:39:52.217+0100: 2026.347: [ParNew
Desired survivor size 20112992 bytes, new threshold 8 (max 8)
- age   1:    9190896 bytes,    9190896 total
- age   2:    2857408 bytes,   12048304 total
- age   3:    1062424 bytes,   13110728 total
- age   4:     235536 bytes,   13346264 total
- age   5:     331432 bytes,   13677696 total
- age   6:    1445376 bytes,   15123072 total
- age   7:    1116920 bytes,   16239992 total
- age   8:    2766408 bytes,   19006400 total
: 109221K->21824K(109248K), 0.0183586 secs] 109221K->27276K(502464K), 0.0184687 secs] [Times: user=0.06 sys=0.00, real=0.02 secs] 
Heap after GC invocations=9 (full 1):
 par new generation   total 109248K, used 21824K [0x00000000e0000000, 0x00000000e8000000, 0x00000000e8000000)
  eden space 87424K,   0% used [0x00000000e0000000, 0x00000000e0000000, 0x00000000e5560000)
  from space 21824K, 100% used [0x00000000e6ab0000, 0x00000000e8000000, 0x00000000e8000000)
  to   space 21824K,   0% used [0x00000000e5560000, 0x00000000e5560000, 0x00000000e6ab0000)
 concurrent mark-sweep generation total 393216K, used 5452K [0x00000000e8000000, 0x0000000100000000, 0x0000000100000000)
 Metaspace       used 41397K, capacity 42620K, committed 42936K, reserved 1087488K
  class space    used 5156K, capacity 5454K, committed 5564K, reserved 1048576K
}
2018-12-18T12:39:52.236+0100: 2026.365: Total time for which application threads were stopped: 0.0187293 seconds, Stopping threads took: 0.0000270 seconds
2018-12-18T12:39:52.236+0100: 2026.366: Total time for which application threads were stopped: 0.0002398 seconds, Stopping threads took: 0.0001566 seconds
{Heap before GC invocations=9 (full 1):
 par new generation   total 109248K, used 109248K [0x00000000e0000000, 0x00000000e8000000, 0x00000000e8000000)
  eden space 87424K, 100% used [0x00000000e0000000, 0x00000000e5560000, 0x00000000e5560000)
  from space 21824K, 100% used [0x00000000e6ab0000, 0x00000000e8000000, 0x00000000e8000000)
  to   space 21824K,   0% used [0x00000000e5560000, 0x00000000e5560000, 0x00000000e6ab0000)
 concurrent mark-sweep generation total 393216K, used 5452K [0x00000000e8000000, 0x0000000100000000, 0x0000000100000000)
 Metaspace       used 41419K, capacity 42620K, committed 42936K, reserved 1087488K
  class space    used 5156K, capacity 5454K, committed 5564K, reserved 1048576K
2018-12-18T12:39:52.556+0100: 2026.685: [GC (Allocation Failure) 2018-12-18T12:39:52.556+0100: 2026.685: [ParNew
Desired survivor size 20112992 bytes, new threshold 7 (max 8)
- age   1:    7018840 bytes,    7018840 total
- age   2:    7594584 bytes,   14613424 total
- age   3:    2733088 bytes,   17346512 total
- age   4:    1062424 bytes,   18408936 total
- age   5:     235536 bytes,   18644472 total
- age   6:     331432 bytes,   18975904 total
- age   7:    1445376 bytes,   20421280 total
- age   8:    1116920 bytes,   21538200 total
: 109248K->21824K(109248K), 0.0118846 secs] 114700K->35654K(502464K), 0.0119523 secs] [Times: user=0.05 sys=0.02, real=0.01 secs] 
Heap after GC invocations=10 (full 1):
 par new generation   total 109248K, used 21824K [0x00000000e0000000, 0x00000000e8000000, 0x00000000e8000000)
  eden space 87424K,   0% used [0x00000000e0000000, 0x00000000e0000000, 0x00000000e5560000)
  from space 21824K, 100% used [0x00000000e5560000, 0x00000000e6ab0000, 0x00000000e6ab0000)
  to   space 21824K,   0% used [0x00000000e6ab0000, 0x00000000e6ab0000, 0x00000000e8000000)
 concurrent mark-sweep generation total 393216K, used 13830K [0x00000000e8000000, 0x0000000100000000, 0x0000000100000000)
 Metaspace       used 41419K, capacity 42620K, committed 42936K, reserved 1087488K
  class space    used 5156K, capacity 5454K, committed 5564K, reserved 1048576K
}
2018-12-18T12:39:52.568+0100: 2026.697: Total time for which application threads were stopped: 0.0121438 seconds, Stopping threads took: 0.0000329 seconds
{Heap before GC invocations=10 (full 1):
 par new generation   total 109248K, used 109248K [0x00000000e0000000, 0x00000000e8000000, 0x00000000e8000000)
  eden space 87424K, 100% used [0x00000000e0000000, 0x00000000e5560000, 0x00000000e5560000)
  from space 21824K, 100% used [0x00000000e5560000, 0x00000000e6ab0000, 0x00000000e6ab0000)
  to   space 21824K,   0% used [0x00000000e6ab0000, 0x00000000e6ab0000, 0x00000000e8000000)
 concurrent mark-sweep generation total 393216K, used 13830K [0x00000000e8000000, 0x0000000100000000, 0x0000000100000000)
 Metaspace       used 41433K, capacity 42620K, committed 42936K, reserved 1087488K
  class space    used 5156K, capacity 5454K, committed 5564K, reserved 1048576K
2018-12-18T12:39:52.826+0100: 2026.955: [GC (Allocation Failure) 2018-12-18T12:39:52.826+0100: 2026.955: [ParNew
Desired survivor size 20112992 bytes, new threshold 4 (max 8)
- age   1:    8195608 bytes,    8195608 total
- age   2:    3299440 bytes,   11495048 total
- age   3:    7043472 bytes,   18538520 total
- age   4:    2612776 bytes,   21151296 total
- age   5:    1062424 bytes,   22213720 total
- age   6:     235536 bytes,   22449256 total
- age   7:     331432 bytes,   22780688 total
: 109248K->21824K(109248K), 0.0121122 secs] 123078K->45925K(502464K), 0.0121705 secs] [Times: user=0.06 sys=0.00, real=0.01 secs] 
Heap after GC invocations=11 (full 1):
 par new generation   total 109248K, used 21824K [0x00000000e0000000, 0x00000000e8000000, 0x00000000e8000000)
  eden space 87424K,   0% used [0x00000000e0000000, 0x00000000e0000000, 0x00000000e5560000)
  from space 21824K, 100% used [0x00000000e6ab0000, 0x00000000e8000000, 0x00000000e8000000)
  to   space 21824K,   0% used [0x00000000e5560000, 0x00000000e5560000, 0x00000000e6ab0000)
 concurrent mark-sweep generation total 393216K, used 24101K [0x00000000e8000000, 0x0000000100000000, 0x0000000100000000)
 Metaspace       used 41433K, capacity 42620K, committed 42936K, reserved 1087488K
  class space    used 5156K, capacity 5454K, committed 5564K, reserved 1048576K
}
2018-12-18T12:39:52.838+0100: 2026.967: Total time for which application threads were stopped: 0.0123326 seconds, Stopping threads took: 0.0000221 seconds
{Heap before GC invocations=11 (full 1):
 par new generation   total 109248K, used 109248K [0x00000000e0000000, 0x00000000e8000000, 0x00000000e8000000)
  eden space 87424K, 100% used [0x00000000e0000000, 0x00000000e5560000, 0x00000000e5560000)
  from space 21824K, 100% used [0x00000000e6ab0000, 0x00000000e8000000, 0x00000000e8000000)
  to   space 21824K,   0% used [0x00000000e5560000, 0x00000000e5560000, 0x00000000e6ab0000)
 concurrent mark-sweep generation total 393216K, used 24101K [0x00000000e8000000, 0x0000000100000000, 0x0000000100000000)
 Metaspace       used 41442K, capacity 42620K, committed 42936K, reserved 1087488K
  class space    used 5156K, capacity 5454K, committed 5564K, reserved 1048576K
2018-12-18T12:39:53.070+0100: 2027.199: [GC (Allocation Failure) 2018-12-18T12:39:53.070+0100: 2027.199: [ParNew
Desired survivor size 20112992 bytes, new threshold 4 (max 8)
- age   1:    9310560 bytes,    9310560 total
- age   2:    5317544 bytes,   14628104 total
- age   3:    2541936 bytes,   17170040 total
- age   4:    4481280 bytes,   21651320 total
: 109248K->21824K(109248K), 0.0143900 secs] 133349K->58176K(502464K), 0.0144567 secs] [Times: user=0.03 sys=0.02, real=0.02 secs] 
Heap after GC invocations=12 (full 1):
 par new generation   total 109248K, used 21824K [0x00000000e0000000, 0x00000000e8000000, 0x00000000e8000000)
  eden space 87424K,   0% used [0x00000000e0000000, 0x00000000e0000000, 0x00000000e5560000)
  from space 21824K, 100% used [0x00000000e5560000, 0x00000000e6ab0000, 0x00000000e6ab0000)
  to   space 21824K,   0% used [0x00000000e6ab0000, 0x00000000e6ab0000, 0x00000000e8000000)
 concurrent mark-sweep generation total 393216K, used 36352K [0x00000000e8000000, 0x0000000100000000, 0x0000000100000000)
 Metaspace       used 41442K, capacity 42620K, committed 42936K, reserved 1087488K
  class space    used 5156K, capacity 5454K, committed 5564K, reserved 1048576K
}
2018-12-18T12:39:53.085+0100: 2027.214: Total time for which application threads were stopped: 0.0146266 seconds, Stopping threads took: 0.0000275 seconds
{Heap before GC invocations=12 (full 1):
 par new generation   total 109248K, used 109248K [0x00000000e0000000, 0x00000000e8000000, 0x00000000e8000000)
  eden space 87424K, 100% used [0x00000000e0000000, 0x00000000e5560000, 0x00000000e5560000)
  from space 21824K, 100% used [0x00000000e5560000, 0x00000000e6ab0000, 0x00000000e6ab0000)
  to   space 21824K,   0% used [0x00000000e6ab0000, 0x00000000e6ab0000, 0x00000000e8000000)
 concurrent mark-sweep generation total 393216K, used 36352K [0x00000000e8000000, 0x0000000100000000, 0x0000000100000000)
 Metaspace       used 41448K, capacity 42620K, committed 42936K, reserved 1087488K
  class space    used 5156K, capacity 5454K, committed 5564K, reserved 1048576K
2018-12-18T12:39:53.321+0100: 2027.450: [GC (Allocation Failure) 2018-12-18T12:39:53.321+0100: 2027.450: [ParNew
Desired survivor size 20112992 bytes, new threshold 4 (max 8)
- age   1:    9726408 bytes,    9726408 total
- age   2:    4281608 bytes,   14008016 total
- age   3:    4173088 bytes,   18181104 total
- age   4:    2365128 bytes,   20546232 total
: 109248K->21824K(109248K), 0.0132261 secs] 145600K->73885K(502464K), 0.0132869 secs] [Times: user=0.05 sys=0.00, real=0.01 secs] 
Heap after GC invocations=13 (full 1):
 par new generation   total 109248K, used 21824K [0x00000000e0000000, 0x00000000e8000000, 0x00000000e8000000)
  eden space 87424K,   0% used [0x00000000e0000000, 0x00000000e0000000, 0x00000000e5560000)
  from space 21824K, 100% used [0x00000000e6ab0000, 0x00000000e8000000, 0x00000000e8000000)
  to   space 21824K,   0% used [0x00000000e5560000, 0x00000000e5560000, 0x00000000e6ab0000)
 concurrent mark-sweep generation total 393216K, used 52061K [0x00000000e8000000, 0x0000000100000000, 0x0000000100000000)
 Metaspace       used 41448K, capacity 42620K, committed 42936K, reserved 1087488K
  class space    used 5156K, capacity 5454K, committed 5564K, reserved 1048576K
}
2018-12-18T12:39:53.335+0100: 2027.463: Total time for which application threads were stopped: 0.0134465 seconds, Stopping threads took: 0.0000232 seconds
{Heap before GC invocations=13 (full 1):
 par new generation   total 109248K, used 109022K [0x00000000e0000000, 0x00000000e8000000, 0x00000000e8000000)
  eden space 87424K,  99% used [0x00000000e0000000, 0x00000000e5527be8, 0x00000000e5560000)
  from space 21824K, 100% used [0x00000000e6ab0000, 0x00000000e8000000, 0x00000000e8000000)
  to   space 21824K,   0% used [0x00000000e5560000, 0x00000000e5560000, 0x00000000e6ab0000)
 concurrent mark-sweep generation total 393216K, used 52061K [0x00000000e8000000, 0x0000000100000000, 0x0000000100000000)
 Metaspace       used 41450K, capacity 42620K, committed 42936K, reserved 1087488K
  class space    used 5156K, capacity 5454K, committed 5564K, reserved 1048576K
2018-12-18T12:39:53.536+0100: 2027.666: [GC (Allocation Failure) 2018-12-18T12:39:53.536+0100: 2027.666: [ParNew
Desired survivor size 20112992 bytes, new threshold 8 (max 8)
- age   1:    8591504 bytes,    8591504 total
- age   2:    3971832 bytes,   12563336 total
- age   3:    3340952 bytes,   15904288 total
- age   4:    4057280 bytes,   19961568 total
: 109022K->21824K(109248K), 0.0147926 secs] 161084K->92652K(502464K), 0.0148653 secs] [Times: user=0.05 sys=0.02, real=0.02 secs] 
Heap after GC invocations=14 (full 1):
 par new generation   total 109248K, used 21824K [0x00000000e0000000, 0x00000000e8000000, 0x00000000e8000000)
  eden space 87424K,   0% used [0x00000000e0000000, 0x00000000e0000000, 0x00000000e5560000)
  from space 21824K, 100% used [0x00000000e5560000, 0x00000000e6ab0000, 0x00000000e6ab0000)
  to   space 21824K,   0% used [0x00000000e6ab0000, 0x00000000e6ab0000, 0x00000000e8000000)
 concurrent mark-sweep generation total 393216K, used 70828K [0x00000000e8000000, 0x0000000100000000, 0x0000000100000000)
 Metaspace       used 41450K, capacity 42620K, committed 42936K, reserved 1087488K
  class space    used 5156K, capacity 5454K, committed 5564K, reserved 1048576K
}
2018-12-18T12:39:53.551+0100: 2027.681: Total time for which application threads were stopped: 0.0150284 seconds, Stopping threads took: 0.0000203 seconds
{Heap before GC invocations=14 (full 1):
 par new generation   total 109248K, used 109248K [0x00000000e0000000, 0x00000000e8000000, 0x00000000e8000000)
  eden space 87424K, 100% used [0x00000000e0000000, 0x00000000e5560000, 0x00000000e5560000)
  from space 21824K, 100% used [0x00000000e5560000, 0x00000000e6ab0000, 0x00000000e6ab0000)
  to   space 21824K,   0% used [0x00000000e6ab0000, 0x00000000e6ab0000, 0x00000000e8000000)
 concurrent mark-sweep generation total 393216K, used 70828K [0x00000000e8000000, 0x0000000100000000, 0x0000000100000000)
 Metaspace       used 41451K, capacity 42620K, committed 42936K, reserved 1087488K
  class space    used 5156K, capacity 5454K, committed 5564K, reserved 1048576K
2018-12-18T12:39:53.717+0100: 2027.846: [GC (Allocation Failure) 2018-12-18T12:39:53.717+0100: 2027.846: [ParNew
Desired survivor size 20112992 bytes, new threshold 5 (max 8)
- age   1:    7106136 bytes,    7106136 total
- age   2:    5892720 bytes,   12998856 total
- age   3:    2922336 bytes,   15921192 total
- age   4:    2603248 bytes,   18524440 total
- age   5:    3782728 bytes,   22307168 total
: 109248K->21824K(109248K), 0.0131138 secs] 180076K->108651K(502464K), 0.0131694 secs] [Times: user=0.06 sys=0.00, real=0.01 secs] 
Heap after GC invocations=15 (full 1):
 par new generation   total 109248K, used 21824K [0x00000000e0000000, 0x00000000e8000000, 0x00000000e8000000)
  eden space 87424K,   0% used [0x00000000e0000000, 0x00000000e0000000, 0x00000000e5560000)
  from space 21824K, 100% used [0x00000000e6ab0000, 0x00000000e8000000, 0x00000000e8000000)
  to   space 21824K,   0% used [0x00000000e5560000, 0x00000000e5560000, 0x00000000e6ab0000)
 concurrent mark-sweep generation total 393216K, used 86827K [0x00000000e8000000, 0x0000000100000000, 0x0000000100000000)
 Metaspace       used 41451K, capacity 42620K, committed 42936K, reserved 1087488K
  class space    used 5156K, capacity 5454K, committed 5564K, reserved 1048576K
}
2018-12-18T12:39:53.731+0100: 2027.859: Total time for which application threads were stopped: 0.0133144 seconds, Stopping threads took: 0.0000181 seconds
{Heap before GC invocations=15 (full 1):
 par new generation   total 109248K, used 109239K [0x00000000e0000000, 0x00000000e8000000, 0x00000000e8000000)
  eden space 87424K,  99% used [0x00000000e0000000, 0x00000000e555dcc0, 0x00000000e5560000)
  from space 21824K, 100% used [0x00000000e6ab0000, 0x00000000e8000000, 0x00000000e8000000)
  to   space 21824K,   0% used [0x00000000e5560000, 0x00000000e5560000, 0x00000000e6ab0000)
 concurrent mark-sweep generation total 393216K, used 86827K [0x00000000e8000000, 0x0000000100000000, 0x0000000100000000)
 Metaspace       used 41453K, capacity 42620K, committed 42936K, reserved 1087488K
  class space    used 5156K, capacity 5454K, committed 5564K, reserved 1048576K
2018-12-18T12:39:53.909+0100: 2028.038: [GC (Allocation Failure) 2018-12-18T12:39:53.909+0100: 2028.038: [ParNew
Desired survivor size 20112992 bytes, new threshold 5 (max 8)
- age   1:    6749264 bytes,    6749264 total
- age   2:    4863752 bytes,   11613016 total
- age   3:    5035408 bytes,   16648424 total
- age   4:    2626552 bytes,   19274976 total
- age   5:    2506536 bytes,   21781512 total
: 109239K->21824K(109248K), 0.0151812 secs] 196067K->131268K(502464K), 0.0152428 secs] [Times: user=0.05 sys=0.00, real=0.02 secs] 
Heap after GC invocations=16 (full 1):
 par new generation   total 109248K, used 21824K [0x00000000e0000000, 0x00000000e8000000, 0x00000000e8000000)
  eden space 87424K,   0% used [0x00000000e0000000, 0x00000000e0000000, 0x00000000e5560000)
  from space 21824K, 100% used [0x00000000e5560000, 0x00000000e6ab0000, 0x00000000e6ab0000)
  to   space 21824K,   0% used [0x00000000e6ab0000, 0x00000000e6ab0000, 0x00000000e8000000)
 concurrent mark-sweep generation total 393216K, used 109444K [0x00000000e8000000, 0x0000000100000000, 0x0000000100000000)
 Metaspace       used 41453K, capacity 42620K, committed 42936K, reserved 1087488K
  class space    used 5156K, capacity 5454K, committed 5564K, reserved 1048576K
}
2018-12-18T12:39:53.924+0100: 2028.053: Total time for which application threads were stopped: 0.0154308 seconds, Stopping threads took: 0.0000370 seconds
{Heap before GC invocations=16 (full 1):
 par new generation   total 109248K, used 109110K [0x00000000e0000000, 0x00000000e8000000, 0x00000000e8000000)
  eden space 87424K,  99% used [0x00000000e0000000, 0x00000000e553dbb8, 0x00000000e5560000)
  from space 21824K, 100% used [0x00000000e5560000, 0x00000000e6ab0000, 0x00000000e6ab0000)
  to   space 21824K,   0% used [0x00000000e6ab0000, 0x00000000e6ab0000, 0x00000000e8000000)
 concurrent mark-sweep generation total 393216K, used 109444K [0x00000000e8000000, 0x0000000100000000, 0x0000000100000000)
 Metaspace       used 41455K, capacity 42620K, committed 42936K, reserved 1087488K
  class space    used 5156K, capacity 5454K, committed 5564K, reserved 1048576K
2018-12-18T12:39:54.099+0100: 2028.227: [GC (Allocation Failure) 2018-12-18T12:39:54.099+0100: 2028.227: [ParNew
Desired survivor size 20112992 bytes, new threshold 5 (max 8)
- age   1:    5699104 bytes,    5699104 total
- age   2:    4779096 bytes,   10478200 total
- age   3:    4580688 bytes,   15058888 total
- age   4:    4758800 bytes,   19817688 total
- age   5:    1870512 bytes,   21688200 total
: 109110K->21824K(109248K), 0.0157259 secs] 218555K->155413K(502464K), 0.0157872 secs] [Times: user=0.06 sys=0.00, real=0.02 secs] 
Heap after GC invocations=17 (full 1):
 par new generation   total 109248K, used 21824K [0x00000000e0000000, 0x00000000e8000000, 0x00000000e8000000)
  eden space 87424K,   0% used [0x00000000e0000000, 0x00000000e0000000, 0x00000000e5560000)
  from space 21824K, 100% used [0x00000000e6ab0000, 0x00000000e8000000, 0x00000000e8000000)
  to   space 21824K,   0% used [0x00000000e5560000, 0x00000000e5560000, 0x00000000e6ab0000)
 concurrent mark-sweep generation total 393216K, used 133589K [0x00000000e8000000, 0x0000000100000000, 0x0000000100000000)
 Metaspace       used 41455K, capacity 42620K, committed 42936K, reserved 1087488K
  class space    used 5156K, capacity 5454K, committed 5564K, reserved 1048576K
}
2018-12-18T12:39:54.114+0100: 2028.243: Total time for which application threads were stopped: 0.0159422 seconds, Stopping threads took: 0.0000178 seconds
{Heap before GC invocations=17 (full 1):
 par new generation   total 109248K, used 109248K [0x00000000e0000000, 0x00000000e8000000, 0x00000000e8000000)
  eden space 87424K, 100% used [0x00000000e0000000, 0x00000000e5560000, 0x00000000e5560000)
  from space 21824K, 100% used [0x00000000e6ab0000, 0x00000000e8000000, 0x00000000e8000000)
  to   space 21824K,   0% used [0x00000000e5560000, 0x00000000e5560000, 0x00000000e6ab0000)
 concurrent mark-sweep generation total 393216K, used 133589K [0x00000000e8000000, 0x0000000100000000, 0x0000000100000000)
 Metaspace       used 41456K, capacity 42620K, committed 42936K, reserved 1087488K
  class space    used 5156K, capacity 5454K, committed 5564K, reserved 1048576K
2018-12-18T12:39:54.295+0100: 2028.424: [GC (Allocation Failure) 2018-12-18T12:39:54.295+0100: 2028.424: [ParNew
Desired survivor size 20112992 bytes, new threshold 8 (max 8)
- age   1:    6348352 bytes,    6348352 total
- age   2:    3340040 bytes,    9688392 total
- age   3:    2881240 bytes,   12569632 total
- age   4:    3625600 bytes,   16195232 total
- age   5:    3706832 bytes,   19902064 total
: 109248K->21824K(109248K), 0.0183021 secs] 242837K->181095K(502464K), 0.0183572 secs] [Times: user=0.03 sys=0.02, real=0.02 secs] 
Heap after GC invocations=18 (full 1):
 par new generation   total 109248K, used 21824K [0x00000000e0000000, 0x00000000e8000000, 0x00000000e8000000)
  eden space 87424K,   0% used [0x00000000e0000000, 0x00000000e0000000, 0x00000000e5560000)
  from space 21824K, 100% used [0x00000000e5560000, 0x00000000e6ab0000, 0x00000000e6ab0000)
  to   space 21824K,   0% used [0x00000000e6ab0000, 0x00000000e6ab0000, 0x00000000e8000000)
 concurrent mark-sweep generation total 393216K, used 159271K [0x00000000e8000000, 0x0000000100000000, 0x0000000100000000)
 Metaspace       used 41456K, capacity 42620K, committed 42936K, reserved 1087488K
  class space    used 5156K, capacity 5454K, committed 5564K, reserved 1048576K
}
2018-12-18T12:39:54.313+0100: 2028.442: Total time for which application threads were stopped: 0.0184941 seconds, Stopping threads took: 0.0000181 seconds
{Heap before GC invocations=18 (full 1):
 par new generation   total 109248K, used 109248K [0x00000000e0000000, 0x00000000e8000000, 0x00000000e8000000)
  eden space 87424K, 100% used [0x00000000e0000000, 0x00000000e5560000, 0x00000000e5560000)
  from space 21824K, 100% used [0x00000000e5560000, 0x00000000e6ab0000, 0x00000000e6ab0000)
  to   space 21824K,   0% used [0x00000000e6ab0000, 0x00000000e6ab0000, 0x00000000e8000000)
 concurrent mark-sweep generation total 393216K, used 159271K [0x00000000e8000000, 0x0000000100000000, 0x0000000100000000)
 Metaspace       used 41464K, capacity 42620K, committed 42936K, reserved 1087488K
  class space    used 5156K, capacity 5454K, committed 5564K, reserved 1048576K
2018-12-18T12:39:54.520+0100: 2028.650: [GC (Allocation Failure) 2018-12-18T12:39:54.520+0100: 2028.650: [ParNew
Desired survivor size 20112992 bytes, new threshold 6 (max 8)
- age   1:    5161816 bytes,    5161816 total
- age   2:    3502816 bytes,    8664632 total
- age   3:    3086704 bytes,   11751336 total
- age   4:    2659008 bytes,   14410344 total
- age   5:    3425168 bytes,   17835512 total
- age   6:    3499088 bytes,   21334600 total
: 109248K->21824K(109248K), 0.0182862 secs] 268519K->212439K(502464K), 0.0183424 secs] [Times: user=0.03 sys=0.01, real=0.02 secs] 
Heap after GC invocations=19 (full 1):
 par new generation   total 109248K, used 21824K [0x00000000e0000000, 0x00000000e8000000, 0x00000000e8000000)
  eden space 87424K,   0% used [0x00000000e0000000, 0x00000000e0000000, 0x00000000e5560000)
  from space 21824K, 100% used [0x00000000e6ab0000, 0x00000000e8000000, 0x00000000e8000000)
  to   space 21824K,   0% used [0x00000000e5560000, 0x00000000e5560000, 0x00000000e6ab0000)
 concurrent mark-sweep generation total 393216K, used 190615K [0x00000000e8000000, 0x0000000100000000, 0x0000000100000000)
 Metaspace       used 41464K, capacity 42620K, committed 42936K, reserved 1087488K
  class space    used 5156K, capacity 5454K, committed 5564K, reserved 1048576K
}
2018-12-18T12:39:54.539+0100: 2028.668: Total time for which application threads were stopped: 0.0184830 seconds, Stopping threads took: 0.0000203 seconds
{Heap before GC invocations=19 (full 1):
 par new generation   total 109248K, used 107591K [0x00000000e0000000, 0x00000000e8000000, 0x00000000e8000000)
  eden space 87424K,  98% used [0x00000000e0000000, 0x00000000e53c1cf0, 0x00000000e5560000)
  from space 21824K, 100% used [0x00000000e6ab0000, 0x00000000e8000000, 0x00000000e8000000)
  to   space 21824K,   0% used [0x00000000e5560000, 0x00000000e5560000, 0x00000000e6ab0000)
 concurrent mark-sweep generation total 393216K, used 190615K [0x00000000e8000000, 0x0000000100000000, 0x0000000100000000)
 Metaspace       used 41464K, capacity 42620K, committed 42936K, reserved 1087488K
  class space    used 5156K, capacity 5454K, committed 5564K, reserved 1048576K
2018-12-18T12:39:54.736+0100: 2028.865: [GC (Allocation Failure) 2018-12-18T12:39:54.736+0100: 2028.865: [ParNew
Desired survivor size 20112992 bytes, new threshold 6 (max 8)
- age   1:    5633040 bytes,    5633040 total
- age   2:    3930976 bytes,    9564016 total
- age   3:    2780184 bytes,   12344200 total
- age   4:    2973248 bytes,   15317448 total
- age   5:    2550664 bytes,   17868112 total
- age   6:    3331024 bytes,   21199136 total
: 107591K->21824K(109248K), 0.0156576 secs] 298207K->231811K(502464K), 0.0157181 secs] [Times: user=0.05 sys=0.00, real=0.02 secs] 
Heap after GC invocations=20 (full 1):
 par new generation   total 109248K, used 21824K [0x00000000e0000000, 0x00000000e8000000, 0x00000000e8000000)
  eden space 87424K,   0% used [0x00000000e0000000, 0x00000000e0000000, 0x00000000e5560000)
  from space 21824K, 100% used [0x00000000e5560000, 0x00000000e6ab0000, 0x00000000e6ab0000)
  to   space 21824K,   0% used [0x00000000e6ab0000, 0x00000000e6ab0000, 0x00000000e8000000)
 concurrent mark-sweep generation total 393216K, used 209987K [0x00000000e8000000, 0x0000000100000000, 0x0000000100000000)
 Metaspace       used 41464K, capacity 42620K, committed 42936K, reserved 1087488K
  class space    used 5156K, capacity 5454K, committed 5564K, reserved 1048576K
}
2018-12-18T12:39:54.752+0100: 2028.881: Total time for which application threads were stopped: 0.0158812 seconds, Stopping threads took: 0.0000311 seconds
2018-12-18T12:39:54.752+0100: 2028.881: [GC (CMS Initial Mark) [1 CMS-initial-mark: 209987K(393216K)] 234537K(502464K), 0.0029734 secs] [Times: user=0.05 sys=0.00, real=0.00 secs] 
2018-12-18T12:39:54.755+0100: 2028.884: Total time for which application threads were stopped: 0.0031738 seconds, Stopping threads took: 0.0001266 seconds
2018-12-18T12:39:54.755+0100: 2028.884: [CMS-concurrent-mark-start]
2018-12-18T12:39:54.770+0100: 2028.900: [CMS-concurrent-mark: 0.015/0.015 secs] [Times: user=0.06 sys=0.00, real=0.01 secs] 
2018-12-18T12:39:54.770+0100: 2028.900: [CMS-concurrent-preclean-start]
2018-12-18T12:39:54.771+0100: 2028.901: [CMS-concurrent-preclean: 0.001/0.001 secs] [Times: user=0.00 sys=0.00, real=0.00 secs] 
2018-12-18T12:39:54.771+0100: 2028.901: [CMS-concurrent-abortable-preclean-start]
2018-12-18T12:39:54.878+0100: 2029.007: Total time for which application threads were stopped: 0.0000540 seconds, Stopping threads took: 0.0000176 seconds
2018-12-18T12:39:54.880+0100: 2029.009: Total time for which application threads were stopped: 0.0003772 seconds, Stopping threads took: 0.0000105 seconds
2018-12-18T12:39:55.164+0100: 2029.293: Total time for which application threads were stopped: 0.0001518 seconds, Stopping threads took: 0.0000278 seconds
2018-12-18T12:39:55.460+0100: 2029.589: Total time for which application threads were stopped: 0.0005328 seconds, Stopping threads took: 0.0000216 seconds
{Heap before GC invocations=20 (full 2):
 par new generation   total 109248K, used 109248K [0x00000000e0000000, 0x00000000e8000000, 0x00000000e8000000)
  eden space 87424K, 100% used [0x00000000e0000000, 0x00000000e5560000, 0x00000000e5560000)
  from space 21824K, 100% used [0x00000000e5560000, 0x00000000e6ab0000, 0x00000000e6ab0000)
  to   space 21824K,   0% used [0x00000000e6ab0000, 0x00000000e6ab0000, 0x00000000e8000000)
 concurrent mark-sweep generation total 393216K, used 209987K [0x00000000e8000000, 0x0000000100000000, 0x0000000100000000)
 Metaspace       used 42205K, capacity 43338K, committed 43448K, reserved 1087488K
  class space    used 5222K, capacity 5521K, committed 5564K, reserved 1048576K
2018-12-18T12:39:56.227+0100: 2030.356: [GC (Allocation Failure) 2018-12-18T12:39:56.227+0100: 2030.356: [ParNew
Desired survivor size 20112992 bytes, new threshold 6 (max 8)
- age   1:    6830152 bytes,    6830152 total
- age   2:    4877752 bytes,   11707904 total
- age   3:    2859016 bytes,   14566920 total
- age   4:    2121504 bytes,   16688424 total
- age   5:    2544680 bytes,   19233104 total
- age   6:    2172576 bytes,   21405680 total
: 109248K->21824K(109248K), 0.0135018 secs] 319235K->252565K(502464K), 0.0135726 secs] [Times: user=0.03 sys=0.03, real=0.01 secs] 
Heap after GC invocations=21 (full 2):
 par new generation   total 109248K, used 21824K [0x00000000e0000000, 0x00000000e8000000, 0x00000000e8000000)
  eden space 87424K,   0% used [0x00000000e0000000, 0x00000000e0000000, 0x00000000e5560000)
  from space 21824K, 100% used [0x00000000e6ab0000, 0x00000000e8000000, 0x00000000e8000000)
  to   space 21824K,   0% used [0x00000000e5560000, 0x00000000e5560000, 0x00000000e6ab0000)
 concurrent mark-sweep generation total 393216K, used 230741K [0x00000000e8000000, 0x0000000100000000, 0x0000000100000000)
 Metaspace       used 42205K, capacity 43338K, committed 43448K, reserved 1087488K
  class space    used 5222K, capacity 5521K, committed 5564K, reserved 1048576K
}
2018-12-18T12:39:56.240+0100: 2030.370: Total time for which application threads were stopped: 0.0138078 seconds, Stopping threads took: 0.0000216 seconds
{Heap before GC invocations=21 (full 2):
 par new generation   total 109248K, used 109248K [0x00000000e0000000, 0x00000000e8000000, 0x00000000e8000000)
  eden space 87424K, 100% used [0x00000000e0000000, 0x00000000e5560000, 0x00000000e5560000)
  from space 21824K, 100% used [0x00000000e6ab0000, 0x00000000e8000000, 0x00000000e8000000)
  to   space 21824K,   0% used [0x00000000e5560000, 0x00000000e5560000, 0x00000000e6ab0000)
 concurrent mark-sweep generation total 393216K, used 230741K [0x00000000e8000000, 0x0000000100000000, 0x0000000100000000)
 Metaspace       used 42225K, capacity 43338K, committed 43448K, reserved 1087488K
  class space    used 5222K, capacity 5521K, committed 5564K, reserved 1048576K
2018-12-18T12:39:56.371+0100: 2030.500: [GC (Allocation Failure) 2018-12-18T12:39:56.371+0100: 2030.500: [ParNew
Desired survivor size 20112992 bytes, new threshold 8 (max 8)
- age   1:     147832 bytes,     147832 total
- age   2:    3857312 bytes,    4005144 total
- age   3:    4825080 bytes,    8830224 total
- age   4:    2818112 bytes,   11648336 total
- age   5:    2076688 bytes,   13725024 total
- age   6:    2498720 bytes,   16223744 total
: 109248K->21824K(109248K), 0.0073454 secs] 339989K->257667K(502464K), 0.0074850 secs] [Times: user=0.05 sys=0.00, real=0.01 secs] 
Heap after GC invocations=22 (full 2):
 par new generation   total 109248K, used 21824K [0x00000000e0000000, 0x00000000e8000000, 0x00000000e8000000)
  eden space 87424K,   0% used [0x00000000e0000000, 0x00000000e0000000, 0x00000000e5560000)
  from space 21824K, 100% used [0x00000000e5560000, 0x00000000e6ab0000, 0x00000000e6ab0000)
  to   space 21824K,   0% used [0x00000000e6ab0000, 0x00000000e6ab0000, 0x00000000e8000000)
 concurrent mark-sweep generation total 393216K, used 235843K [0x00000000e8000000, 0x0000000100000000, 0x0000000100000000)
 Metaspace       used 42225K, capacity 43338K, committed 43448K, reserved 1087488K
  class space    used 5222K, capacity 5521K, committed 5564K, reserved 1048576K
}
2018-12-18T12:39:56.379+0100: 2030.507: Total time for which application threads were stopped: 0.0077043 seconds, Stopping threads took: 0.0000246 seconds
{Heap before GC invocations=22 (full 2):
 par new generation   total 109248K, used 109248K [0x00000000e0000000, 0x00000000e8000000, 0x00000000e8000000)
  eden space 87424K, 100% used [0x00000000e0000000, 0x00000000e5560000, 0x00000000e5560000)
  from space 21824K, 100% used [0x00000000e5560000, 0x00000000e6ab0000, 0x00000000e6ab0000)
  to   space 21824K,   0% used [0x00000000e6ab0000, 0x00000000e6ab0000, 0x00000000e8000000)
 concurrent mark-sweep generation total 393216K, used 235843K [0x00000000e8000000, 0x0000000100000000, 0x0000000100000000)
 Metaspace       used 42225K, capacity 43338K, committed 43448K, reserved 1087488K
  class space    used 5222K, capacity 5521K, committed 5564K, reserved 1048576K
2018-12-18T12:39:56.487+0100: 2030.616: [GC (Allocation Failure) 2018-12-18T12:39:56.487+0100: 2030.616: [ParNew
Desired survivor size 20112992 bytes, new threshold 8 (max 8)
- age   1:      59424 bytes,      59424 total
- age   2:     103192 bytes,     162616 total
- age   3:    3857312 bytes,    4019928 total
- age   4:    4825080 bytes,    8845008 total
- age   5:    2818112 bytes,   11663120 total
- age   6:    2076688 bytes,   13739808 total
- age   7:    2498720 bytes,   16238528 total
: 109248K->21824K(109248K), 0.0059579 secs] 345091K->257667K(502464K), 0.0060300 secs] [Times: user=0.05 sys=0.00, real=0.01 secs] 
Heap after GC invocations=23 (full 2):
 par new generation   total 109248K, used 21824K [0x00000000e0000000, 0x00000000e8000000, 0x00000000e8000000)
  eden space 87424K,   0% used [0x00000000e0000000, 0x00000000e0000000, 0x00000000e5560000)
  from space 21824K, 100% used [0x00000000e6ab0000, 0x00000000e8000000, 0x00000000e8000000)
  to   space 21824K,   0% used [0x00000000e5560000, 0x00000000e5560000, 0x00000000e6ab0000)
 concurrent mark-sweep generation total 393216K, used 235843K [0x00000000e8000000, 0x0000000100000000, 0x0000000100000000)
 Metaspace       used 42225K, capacity 43338K, committed 43448K, reserved 1087488K
  class space    used 5222K, capacity 5521K, committed 5564K, reserved 1048576K
}
2018-12-18T12:39:56.493+0100: 2030.622: Total time for which application threads were stopped: 0.0062288 seconds, Stopping threads took: 0.0000564 seconds
2018-12-18T12:39:56.493+0100: 2030.622: [CMS-concurrent-abortable-preclean: 0.716/1.721 secs] [Times: user=4.59 sys=0.16, real=1.72 secs] 
2018-12-18T12:39:56.495+0100: 2030.624: [GC (CMS Final Remark) [YG occupancy: 23591 K (109248 K)]{Heap before GC invocations=23 (full 2):
 par new generation   total 109248K, used 23591K [0x00000000e0000000, 0x00000000e8000000, 0x00000000e8000000)
  eden space 87424K,   2% used [0x00000000e0000000, 0x00000000e01b9ea0, 0x00000000e5560000)
  from space 21824K, 100% used [0x00000000e6ab0000, 0x00000000e8000000, 0x00000000e8000000)
  to   space 21824K,   0% used [0x00000000e5560000, 0x00000000e5560000, 0x00000000e6ab0000)
 concurrent mark-sweep generation total 393216K, used 235843K [0x00000000e8000000, 0x0000000100000000, 0x0000000100000000)
 Metaspace       used 42225K, capacity 43338K, committed 43448K, reserved 1087488K
  class space    used 5222K, capacity 5521K, committed 5564K, reserved 1048576K
2018-12-18T12:39:56.495+0100: 2030.624: [GC (CMS Final Remark) 2018-12-18T12:39:56.495+0100: 2030.624: [ParNew
Desired survivor size 20112992 bytes, new threshold 8 (max 8)
- age   1:      29184 bytes,      29184 total
- age   2:      41808 bytes,      70992 total
- age   3:     103192 bytes,     174184 total
- age   4:    3857312 bytes,    4031496 total
- age   5:    4825080 bytes,    8856576 total
- age   6:    2818112 bytes,   11674688 total
- age   7:    2076688 bytes,   13751376 total
- age   8:    2498720 bytes,   16250096 total
: 23591K->21824K(109248K), 0.0059339 secs] 259434K->257667K(502464K), 0.0059971 secs] [Times: user=0.00 sys=0.00, real=0.01 secs] 
Heap after GC invocations=24 (full 2):
 par new generation   total 109248K, used 21824K [0x00000000e0000000, 0x00000000e8000000, 0x00000000e8000000)
  eden space 87424K,   0% used [0x00000000e0000000, 0x00000000e0000000, 0x00000000e5560000)
  from space 21824K, 100% used [0x00000000e5560000, 0x00000000e6ab0000, 0x00000000e6ab0000)
  to   space 21824K,   0% used [0x00000000e6ab0000, 0x00000000e6ab0000, 0x00000000e8000000)
 concurrent mark-sweep generation total 393216K, used 235843K [0x00000000e8000000, 0x0000000100000000, 0x0000000100000000)
 Metaspace       used 42225K, capacity 43338K, committed 43448K, reserved 1087488K
  class space    used 5222K, capacity 5521K, committed 5564K, reserved 1048576K
}
2018-12-18T12:39:56.501+0100: 2030.630: [Rescan (parallel) , 0.0019357 secs]2018-12-18T12:39:56.503+0100: 2030.632: [weak refs processing, 0.0003913 secs]2018-12-18T12:39:56.503+0100: 2030.632: [class unloading, 0.0170313 secs]2018-12-18T12:39:56.521+0100: 2030.649: [scrub symbol table, 0.0081979 secs]2018-12-18T12:39:56.529+0100: 2030.658: [scrub string table, 0.0003511 secs][1 CMS-remark: 235843K(393216K)] 257667K(502464K), 0.0353105 secs] [Times: user=0.06 sys=0.00, real=0.04 secs] 
2018-12-18T12:39:56.530+0100: 2030.659: Total time for which application threads were stopped: 0.0354652 seconds, Stopping threads took: 0.0000435 seconds
2018-12-18T12:39:56.530+0100: 2030.659: [CMS-concurrent-sweep-start]
2018-12-18T12:39:56.542+0100: 2030.671: [CMS-concurrent-sweep: 0.012/0.012 secs] [Times: user=0.06 sys=0.00, real=0.01 secs] 
2018-12-18T12:39:56.542+0100: 2030.671: [CMS-concurrent-reset-start]
2018-12-18T12:39:56.544+0100: 2030.672: [CMS-concurrent-reset: 0.001/0.001 secs] [Times: user=0.00 sys=0.00, real=0.00 secs] 
{Heap before GC invocations=24 (full 2):
 par new generation   total 109248K, used 109248K [0x00000000e0000000, 0x00000000e8000000, 0x00000000e8000000)
  eden space 87424K, 100% used [0x00000000e0000000, 0x00000000e5560000, 0x00000000e5560000)
  from space 21824K, 100% used [0x00000000e5560000, 0x00000000e6ab0000, 0x00000000e6ab0000)
  to   space 21824K,   0% used [0x00000000e6ab0000, 0x00000000e6ab0000, 0x00000000e8000000)
 concurrent mark-sweep generation total 393216K, used 140484K [0x00000000e8000000, 0x0000000100000000, 0x0000000100000000)
 Metaspace       used 42146K, capacity 43212K, committed 43448K, reserved 1087488K
  class space    used 5207K, capacity 5494K, committed 5564K, reserved 1048576K
2018-12-18T12:39:56.624+0100: 2030.753: [GC (Allocation Failure) 2018-12-18T12:39:56.624+0100: 2030.753: [ParNew
Desired survivor size 20112992 bytes, new threshold 8 (max 8)
- age   1:      43656 bytes,      43656 total
- age   3:      41352 bytes,      85008 total
- age   4:     103192 bytes,     188200 total
- age   5:    3857312 bytes,    4045512 total
- age   6:    4825080 bytes,    8870592 total
- age   7:    2818112 bytes,   11688704 total
- age   8:    2076688 bytes,   13765392 total
: 109248K->16582K(109248K), 0.0061502 secs] 249732K->159544K(502464K), 0.0062145 secs] [Times: user=0.05 sys=0.00, real=0.01 secs] 
Heap after GC invocations=25 (full 2):
 par new generation   total 109248K, used 16582K [0x00000000e0000000, 0x00000000e8000000, 0x00000000e8000000)
  eden space 87424K,   0% used [0x00000000e0000000, 0x00000000e0000000, 0x00000000e5560000)
  from space 21824K,  75% used [0x00000000e6ab0000, 0x00000000e7ae1988, 0x00000000e8000000)
  to   space 21824K,   0% used [0x00000000e5560000, 0x00000000e5560000, 0x00000000e6ab0000)
 concurrent mark-sweep generation total 393216K, used 142962K [0x00000000e8000000, 0x0000000100000000, 0x0000000100000000)
 Metaspace       used 42146K, capacity 43212K, committed 43448K, reserved 1087488K
  class space    used 5207K, capacity 5494K, committed 5564K, reserved 1048576K
}
2018-12-18T12:39:56.630+0100: 2030.760: Total time for which application threads were stopped: 0.0078644 seconds, Stopping threads took: 0.0000238 seconds
{Heap before GC invocations=25 (full 2):
 par new generation   total 109248K, used 104006K [0x00000000e0000000, 0x00000000e8000000, 0x00000000e8000000)
  eden space 87424K, 100% used [0x00000000e0000000, 0x00000000e5560000, 0x00000000e5560000)
  from space 21824K,  75% used [0x00000000e6ab0000, 0x00000000e7ae1988, 0x00000000e8000000)
  to   space 21824K,   0% used [0x00000000e5560000, 0x00000000e5560000, 0x00000000e6ab0000)
 concurrent mark-sweep generation total 393216K, used 142962K [0x00000000e8000000, 0x0000000100000000, 0x0000000100000000)
 Metaspace       used 42146K, capacity 43212K, committed 43448K, reserved 1087488K
  class space    used 5207K, capacity 5494K, committed 5564K, reserved 1048576K
2018-12-18T12:39:56.715+0100: 2030.845: [GC (Allocation Failure) 2018-12-18T12:39:56.715+0100: 2030.845: [ParNew
Desired survivor size 20112992 bytes, new threshold 8 (max 8)
- age   1:      84472 bytes,      84472 total
- age   2:      26176 bytes,     110648 total
- age   4:      41352 bytes,     152000 total
- age   5:     103192 bytes,     255192 total
- age   6:    3857312 bytes,    4112504 total
- age   7:    4825080 bytes,    8937584 total
- age   8:    2818112 bytes,   11755696 total
: 104006K->17821K(109248K), 0.0052286 secs] 246968K->162852K(502464K), 0.0052923 secs] [Times: user=0.00 sys=0.00, real=0.01 secs] 
Heap after GC invocations=26 (full 2):
 par new generation   total 109248K, used 17821K [0x00000000e0000000, 0x00000000e8000000, 0x00000000e8000000)
  eden space 87424K,   0% used [0x00000000e0000000, 0x00000000e0000000, 0x00000000e5560000)
  from space 21824K,  81% used [0x00000000e5560000, 0x00000000e66c7480, 0x00000000e6ab0000)
  to   space 21824K,   0% used [0x00000000e6ab0000, 0x00000000e6ab0000, 0x00000000e8000000)
 concurrent mark-sweep generation total 393216K, used 145031K [0x00000000e8000000, 0x0000000100000000, 0x0000000100000000)
 Metaspace       used 42146K, capacity 43212K, committed 43448K, reserved 1087488K
  class space    used 5207K, capacity 5494K, committed 5564K, reserved 1048576K
}
2018-12-18T12:39:56.721+0100: 2030.850: Total time for which application threads were stopped: 0.0055056 seconds, Stopping threads took: 0.0000599 seconds
{Heap before GC invocations=26 (full 2):
 par new generation   total 109248K, used 105245K [0x00000000e0000000, 0x00000000e8000000, 0x00000000e8000000)
  eden space 87424K, 100% used [0x00000000e0000000, 0x00000000e5560000, 0x00000000e5560000)
  from space 21824K,  81% used [0x00000000e5560000, 0x00000000e66c7480, 0x00000000e6ab0000)
  to   space 21824K,   0% used [0x00000000e6ab0000, 0x00000000e6ab0000, 0x00000000e8000000)
 concurrent mark-sweep generation total 393216K, used 145031K [0x00000000e8000000, 0x0000000100000000, 0x0000000100000000)
 Metaspace       used 42146K, capacity 43212K, committed 43448K, reserved 1087488K
  class space    used 5207K, capacity 5494K, committed 5564K, reserved 1048576K
2018-12-18T12:39:56.805+0100: 2030.934: [GC (Allocation Failure) 2018-12-18T12:39:56.805+0100: 2030.934: [ParNew
Desired survivor size 20112992 bytes, new threshold 8 (max 8)
- age   1:      95656 bytes,      95656 total
- age   2:      31208 bytes,     126864 total
- age   3:      26176 bytes,     153040 total
- age   5:      41352 bytes,     194392 total
- age   6:     103192 bytes,     297584 total
- age   7:    3857360 bytes,    4154944 total
- age   8:    4825104 bytes,    8980048 total
: 105245K->11993K(109248K), 0.0045991 secs] 250276K->159813K(502464K), 0.0046531 secs] [Times: user=0.00 sys=0.00, real=0.00 secs] 
Heap after GC invocations=27 (full 2):
 par new generation   total 109248K, used 11993K [0x00000000e0000000, 0x00000000e8000000, 0x00000000e8000000)
  eden space 87424K,   0% used [0x00000000e0000000, 0x00000000e0000000, 0x00000000e5560000)
  from space 21824K,  54% used [0x00000000e6ab0000, 0x00000000e7666708, 0x00000000e8000000)
  to   space 21824K,   0% used [0x00000000e5560000, 0x00000000e5560000, 0x00000000e6ab0000)
 concurrent mark-sweep generation total 393216K, used 147820K [0x00000000e8000000, 0x0000000100000000, 0x0000000100000000)
 Metaspace       used 42146K, capacity 43212K, committed 43448K, reserved 1087488K
  class space    used 5207K, capacity 5494K, committed 5564K, reserved 1048576K
}
2018-12-18T12:39:56.810+0100: 2030.939: Total time for which application threads were stopped: 0.0054665 seconds, Stopping threads took: 0.0006781 seconds
2018-12-18T12:39:56.953+0100: 2031.083: Total time for which application threads were stopped: 0.0001037 seconds, Stopping threads took: 0.0000238 seconds
{Heap before GC invocations=27 (full 2):
 par new generation   total 109248K, used 99417K [0x00000000e0000000, 0x00000000e8000000, 0x00000000e8000000)
  eden space 87424K, 100% used [0x00000000e0000000, 0x00000000e5560000, 0x00000000e5560000)
  from space 21824K,  54% used [0x00000000e6ab0000, 0x00000000e7666708, 0x00000000e8000000)
  to   space 21824K,   0% used [0x00000000e5560000, 0x00000000e5560000, 0x00000000e6ab0000)
 concurrent mark-sweep generation total 393216K, used 147820K [0x00000000e8000000, 0x0000000100000000, 0x0000000100000000)
 Metaspace       used 42167K, capacity 43288K, committed 43704K, reserved 1087488K
  class space    used 5214K, capacity 5498K, committed 5564K, reserved 1048576K
2018-12-18T12:39:56.959+0100: 2031.089: [GC (Allocation Failure) 2018-12-18T12:39:56.959+0100: 2031.089: [ParNew
Desired survivor size 20112992 bytes, new threshold 8 (max 8)
- age   1:     390520 bytes,     390520 total
- age   3:       1304 bytes,     391824 total
- age   4:       2184 bytes,     394008 total
- age   6:        552 bytes,     394560 total
- age   7:      74272 bytes,     468832 total
- age   8:    3555408 bytes,    4024240 total
: 99417K->6946K(109248K), 0.0037244 secs] 247237K->158970K(502464K), 0.0037971 secs] [Times: user=0.00 sys=0.00, real=0.00 secs] 
Heap after GC invocations=28 (full 2):
 par new generation   total 109248K, used 6946K [0x00000000e0000000, 0x00000000e8000000, 0x00000000e8000000)
  eden space 87424K,   0% used [0x00000000e0000000, 0x00000000e0000000, 0x00000000e5560000)
  from space 21824K,  31% used [0x00000000e5560000, 0x00000000e5c28ac0, 0x00000000e6ab0000)
  to   space 21824K,   0% used [0x00000000e6ab0000, 0x00000000e6ab0000, 0x00000000e8000000)
 concurrent mark-sweep generation total 393216K, used 152024K [0x00000000e8000000, 0x0000000100000000, 0x0000000100000000)
 Metaspace       used 42167K, capacity 43288K, committed 43704K, reserved 1087488K
  class space    used 5214K, capacity 5498K, committed 5564K, reserved 1048576K
}
2018-12-18T12:39:56.963+0100: 2031.093: Total time for which application threads were stopped: 0.0039723 seconds, Stopping threads took: 0.0000230 seconds
{Heap before GC invocations=28 (full 2):
 par new generation   total 109248K, used 94370K [0x00000000e0000000, 0x00000000e8000000, 0x00000000e8000000)
  eden space 87424K, 100% used [0x00000000e0000000, 0x00000000e5560000, 0x00000000e5560000)
  from space 21824K,  31% used [0x00000000e5560000, 0x00000000e5c28ac0, 0x00000000e6ab0000)
  to   space 21824K,   0% used [0x00000000e6ab0000, 0x00000000e6ab0000, 0x00000000e8000000)
 concurrent mark-sweep generation total 393216K, used 152024K [0x00000000e8000000, 0x0000000100000000, 0x0000000100000000)
 Metaspace       used 42167K, capacity 43288K, committed 43704K, reserved 1087488K
  class space    used 5214K, capacity 5498K, committed 5564K, reserved 1048576K
2018-12-18T12:39:57.232+0100: 2031.361: [GC (Allocation Failure) 2018-12-18T12:39:57.232+0100: 2031.361: [ParNew
Desired survivor size 20112992 bytes, new threshold 8 (max 8)
- age   1:   10275736 bytes,   10275736 total
- age   2:     361096 bytes,   10636832 total
- age   4:       1304 bytes,   10638136 total
- age   5:       2184 bytes,   10640320 total
- age   7:        552 bytes,   10640872 total
- age   8:      74272 bytes,   10715144 total
: 94370K->11694K(109248K), 0.0058794 secs] 246394K->167203K(502464K), 0.0059512 secs] [Times: user=0.06 sys=0.00, real=0.01 secs] 
Heap after GC invocations=29 (full 2):
 par new generation   total 109248K, used 11694K [0x00000000e0000000, 0x00000000e8000000, 0x00000000e8000000)
  eden space 87424K,   0% used [0x00000000e0000000, 0x00000000e0000000, 0x00000000e5560000)
  from space 21824K,  53% used [0x00000000e6ab0000, 0x00000000e761ba70, 0x00000000e8000000)
  to   space 21824K,   0% used [0x00000000e5560000, 0x00000000e5560000, 0x00000000e6ab0000)
 concurrent mark-sweep generation total 393216K, used 155509K [0x00000000e8000000, 0x0000000100000000, 0x0000000100000000)
 Metaspace       used 42167K, capacity 43288K, committed 43704K, reserved 1087488K
  class space    used 5214K, capacity 5498K, committed 5564K, reserved 1048576K
}
2018-12-18T12:39:57.238+0100: 2031.367: Total time for which application threads were stopped: 0.0063598 seconds, Stopping threads took: 0.0002028 seconds
{Heap before GC invocations=29 (full 2):
 par new generation   total 109248K, used 98790K [0x00000000e0000000, 0x00000000e8000000, 0x00000000e8000000)
  eden space 87424K,  99% used [0x00000000e0000000, 0x00000000e550e130, 0x00000000e5560000)
  from space 21824K,  53% used [0x00000000e6ab0000, 0x00000000e761ba70, 0x00000000e8000000)
  to   space 21824K,   0% used [0x00000000e5560000, 0x00000000e5560000, 0x00000000e6ab0000)
 concurrent mark-sweep generation total 393216K, used 155509K [0x00000000e8000000, 0x0000000100000000, 0x0000000100000000)
 Metaspace       used 42167K, capacity 43288K, committed 43704K, reserved 1087488K
  class space    used 5214K, capacity 5498K, committed 5564K, reserved 1048576K
2018-12-18T12:39:57.406+0100: 2031.535: [GC (Allocation Failure) 2018-12-18T12:39:57.406+0100: 2031.535: [ParNew
Desired survivor size 20112992 bytes, new threshold 2 (max 8)
- age   1:   14762016 bytes,   14762016 total
- age   2:    6486680 bytes,   21248696 total
- age   3:     360728 bytes,   21609424 total
- age   5:       1304 bytes,   21610728 total
- age   6:       2184 bytes,   21612912 total
- age   8:        552 bytes,   21613464 total
: 98790K->21824K(109248K), 0.0070948 secs] 254300K->179276K(502464K), 0.0071504 secs] [Times: user=0.06 sys=0.00, real=0.01 secs] 
Heap after GC invocations=30 (full 2):
 par new generation   total 109248K, used 21824K [0x00000000e0000000, 0x00000000e8000000, 0x00000000e8000000)
  eden space 87424K,   0% used [0x00000000e0000000, 0x00000000e0000000, 0x00000000e5560000)
  from space 21824K, 100% used [0x00000000e5560000, 0x00000000e6ab0000, 0x00000000e6ab0000)
  to   space 21824K,   0% used [0x00000000e6ab0000, 0x00000000e6ab0000, 0x00000000e8000000)
 concurrent mark-sweep generation total 393216K, used 157452K [0x00000000e8000000, 0x0000000100000000, 0x0000000100000000)
 Metaspace       used 42167K, capacity 43288K, committed 43704K, reserved 1087488K
  class space    used 5214K, capacity 5498K, committed 5564K, reserved 1048576K
}
2018-12-18T12:39:57.413+0100: 2031.542: Total time for which application threads were stopped: 0.0072998 seconds, Stopping threads took: 0.0000213 seconds
{Heap before GC invocations=30 (full 2):
 par new generation   total 109248K, used 109248K [0x00000000e0000000, 0x00000000e8000000, 0x00000000e8000000)
  eden space 87424K, 100% used [0x00000000e0000000, 0x00000000e5560000, 0x00000000e5560000)
  from space 21824K, 100% used [0x00000000e5560000, 0x00000000e6ab0000, 0x00000000e6ab0000)
  to   space 21824K,   0% used [0x00000000e6ab0000, 0x00000000e6ab0000, 0x00000000e8000000)
 concurrent mark-sweep generation total 393216K, used 157452K [0x00000000e8000000, 0x0000000100000000, 0x0000000100000000)
 Metaspace       used 42167K, capacity 43288K, committed 43704K, reserved 1087488K
  class space    used 5214K, capacity 5498K, committed 5564K, reserved 1048576K
2018-12-18T12:39:57.586+0100: 2031.715: [GC (Allocation Failure) 2018-12-18T12:39:57.586+0100: 2031.715: [ParNew
Desired survivor size 20112992 bytes, new threshold 2 (max 8)
- age   1:   15773216 bytes,   15773216 total
- age   2:    5890320 bytes,   21663536 total
: 109248K->21824K(109248K), 0.0099646 secs] 266700K->187300K(502464K), 0.0100205 secs] [Times: user=0.00 sys=0.00, real=0.01 secs] 
Heap after GC invocations=31 (full 2):
 par new generation   total 109248K, used 21824K [0x00000000e0000000, 0x00000000e8000000, 0x00000000e8000000)
  eden space 87424K,   0% used [0x00000000e0000000, 0x00000000e0000000, 0x00000000e5560000)
  from space 21824K, 100% used [0x00000000e6ab0000, 0x00000000e8000000, 0x00000000e8000000)
  to   space 21824K,   0% used [0x00000000e5560000, 0x00000000e5560000, 0x00000000e6ab0000)
 concurrent mark-sweep generation total 393216K, used 165476K [0x00000000e8000000, 0x0000000100000000, 0x0000000100000000)
 Metaspace       used 42167K, capacity 43288K, committed 43704K, reserved 1087488K
  class space    used 5214K, capacity 5498K, committed 5564K, reserved 1048576K
}
2018-12-18T12:39:57.596+0100: 2031.725: Total time for which application threads were stopped: 0.0101649 seconds, Stopping threads took: 0.0000189 seconds
2018-12-18T12:39:57.761+0100: 2031.891: Total time for which application threads were stopped: 0.0000810 seconds, Stopping threads took: 0.0000173 seconds
2018-12-18T12:39:57.762+0100: 2031.891: Total time for which application threads were stopped: 0.0000402 seconds, Stopping threads took: 0.0000092 seconds
2018-12-18T12:39:57.762+0100: 2031.892: Total time for which application threads were stopped: 0.0000281 seconds, Stopping threads took: 0.0000081 seconds
2018-12-18T12:39:57.762+0100: 2031.892: Total time for which application threads were stopped: 0.0000238 seconds, Stopping threads took: 0.0000081 seconds
2018-12-18T12:39:57.791+0100: 2031.920: Total time for which application threads were stopped: 0.0000988 seconds, Stopping threads took: 0.0000459 seconds
2018-12-18T12:39:57.792+0100: 2031.921: Total time for which application threads were stopped: 0.0001069 seconds, Stopping threads took: 0.0000359 seconds
{Heap before GC invocations=31 (full 2):
 par new generation   total 109248K, used 108832K [0x00000000e0000000, 0x00000000e8000000, 0x00000000e8000000)
  eden space 87424K,  99% used [0x00000000e0000000, 0x00000000e54f8228, 0x00000000e5560000)
  from space 21824K, 100% used [0x00000000e6ab0000, 0x00000000e8000000, 0x00000000e8000000)
  to   space 21824K,   0% used [0x00000000e5560000, 0x00000000e5560000, 0x00000000e6ab0000)
 concurrent mark-sweep generation total 393216K, used 165476K [0x00000000e8000000, 0x0000000100000000, 0x0000000100000000)
 Metaspace       used 42174K, capacity 43288K, committed 43704K, reserved 1087488K
  class space    used 5215K, capacity 5498K, committed 5564K, reserved 1048576K
2018-12-18T12:39:57.811+0100: 2031.940: [GC (Allocation Failure) 2018-12-18T12:39:57.811+0100: 2031.940: [ParNew
Desired survivor size 20112992 bytes, new threshold 2 (max 8)
- age   1:   15326152 bytes,   15326152 total
- age   2:    5100848 bytes,   20427000 total
: 108832K->21824K(109248K), 0.0106162 secs] 274308K->198788K(502464K), 0.0106813 secs] [Times: user=0.05 sys=0.00, real=0.01 secs] 
Heap after GC invocations=32 (full 2):
 par new generation   total 109248K, used 21824K [0x00000000e0000000, 0x00000000e8000000, 0x00000000e8000000)
  eden space 87424K,   0% used [0x00000000e0000000, 0x00000000e0000000, 0x00000000e5560000)
  from space 21824K, 100% used [0x00000000e5560000, 0x00000000e6ab0000, 0x00000000e6ab0000)
  to   space 21824K,   0% used [0x00000000e6ab0000, 0x00000000e6ab0000, 0x00000000e8000000)
 concurrent mark-sweep generation total 393216K, used 176964K [0x00000000e8000000, 0x0000000100000000, 0x0000000100000000)
 Metaspace       used 42174K, capacity 43288K, committed 43704K, reserved 1087488K
  class space    used 5215K, capacity 5498K, committed 5564K, reserved 1048576K
}
2018-12-18T12:39:57.822+0100: 2031.950: Total time for which application threads were stopped: 0.0108597 seconds, Stopping threads took: 0.0000329 seconds
2018-12-18T12:39:57.886+0100: 2032.016: Total time for which application threads were stopped: 0.0000905 seconds, Stopping threads took: 0.0000254 seconds
2018-12-18T12:39:57.886+0100: 2032.016: Total time for which application threads were stopped: 0.0000473 seconds, Stopping threads took: 0.0000132 seconds
{Heap before GC invocations=32 (full 2):
 par new generation   total 109248K, used 109248K [0x00000000e0000000, 0x00000000e8000000, 0x00000000e8000000)
  eden space 87424K, 100% used [0x00000000e0000000, 0x00000000e5560000, 0x00000000e5560000)
  from space 21824K, 100% used [0x00000000e5560000, 0x00000000e6ab0000, 0x00000000e6ab0000)
  to   space 21824K,   0% used [0x00000000e6ab0000, 0x00000000e6ab0000, 0x00000000e8000000)
 concurrent mark-sweep generation total 393216K, used 176964K [0x00000000e8000000, 0x0000000100000000, 0x0000000100000000)
 Metaspace       used 42176K, capacity 43288K, committed 43704K, reserved 1087488K
  class space    used 5215K, capacity 5498K, committed 5564K, reserved 1048576K
2018-12-18T12:39:58.120+0100: 2032.250: [GC (Allocation Failure) 2018-12-18T12:39:58.120+0100: 2032.250: [ParNew
Desired survivor size 20112992 bytes, new threshold 8 (max 8)
- age   1:     135768 bytes,     135768 total
- age   2:   15113248 bytes,   15249016 total
: 109248K->21824K(109248K), 0.0060438 secs] 286212K->203792K(502464K), 0.0061062 secs] [Times: user=0.00 sys=0.00, real=0.01 secs] 
Heap after GC invocations=33 (full 2):
 par new generation   total 109248K, used 21824K [0x00000000e0000000, 0x00000000e8000000, 0x00000000e8000000)
  eden space 87424K,   0% used [0x00000000e0000000, 0x00000000e0000000, 0x00000000e5560000)
  from space 21824K, 100% used [0x00000000e6ab0000, 0x00000000e8000000, 0x00000000e8000000)
  to   space 21824K,   0% used [0x00000000e5560000, 0x00000000e5560000, 0x00000000e6ab0000)
 concurrent mark-sweep generation total 393216K, used 181968K [0x00000000e8000000, 0x0000000100000000, 0x0000000100000000)
 Metaspace       used 42176K, capacity 43288K, committed 43704K, reserved 1087488K
  class space    used 5215K, capacity 5498K, committed 5564K, reserved 1048576K
}
2018-12-18T12:39:58.127+0100: 2032.256: Total time for which application threads were stopped: 0.0062609 seconds, Stopping threads took: 0.0000232 seconds
2018-12-18T12:39:58.204+0100: 2032.333: Total time for which application threads were stopped: 0.0001007 seconds, Stopping threads took: 0.0000240 seconds
2018-12-18T12:39:58.208+0100: 2032.337: Total time for which application threads were stopped: 0.0006087 seconds, Stopping threads took: 0.0000230 seconds
2018-12-18T12:39:58.209+0100: 2032.338: Total time for which application threads were stopped: 0.0000656 seconds, Stopping threads took: 0.0000203 seconds
2018-12-18T12:39:58.211+0100: 2032.340: Total time for which application threads were stopped: 0.0000602 seconds, Stopping threads took: 0.0000192 seconds
2018-12-18T12:39:58.222+0100: 2032.351: Total time for which application threads were stopped: 0.0000883 seconds, Stopping threads took: 0.0000257 seconds
2018-12-18T12:39:58.223+0100: 2032.352: Total time for which application threads were stopped: 0.0001126 seconds, Stopping threads took: 0.0000497 seconds
2018-12-18T12:39:58.266+0100: 2032.396: Total time for which application threads were stopped: 0.0001188 seconds, Stopping threads took: 0.0000313 seconds
2018-12-18T12:39:58.495+0100: 2032.624: Total time for which application threads were stopped: 0.0000602 seconds, Stopping threads took: 0.0000165 seconds
2018-12-18T12:39:58.495+0100: 2032.624: Total time for which application threads were stopped: 0.0000392 seconds, Stopping threads took: 0.0000124 seconds
2018-12-18T12:39:58.497+0100: 2032.626: Total time for which application threads were stopped: 0.0000605 seconds, Stopping threads took: 0.0000173 seconds
2018-12-18T12:39:58.497+0100: 2032.626: Total time for which application threads were stopped: 0.0000278 seconds, Stopping threads took: 0.0000089 seconds
2018-12-18T12:39:58.505+0100: 2032.635: Total time for which application threads were stopped: 0.0000737 seconds, Stopping threads took: 0.0000189 seconds
2018-12-18T12:39:58.506+0100: 2032.635: Total time for which application threads were stopped: 0.0000527 seconds, Stopping threads took: 0.0000135 seconds
2018-12-18T12:39:58.506+0100: 2032.635: Total time for which application threads were stopped: 0.0000329 seconds, Stopping threads took: 0.0000084 seconds
2018-12-18T12:39:58.506+0100: 2032.635: Total time for which application threads were stopped: 0.0000394 seconds, Stopping threads took: 0.0000135 seconds
2018-12-18T12:39:58.515+0100: 2032.644: Total time for which application threads were stopped: 0.0000718 seconds, Stopping threads took: 0.0000230 seconds
2018-12-18T12:39:59.516+0100: 2033.644: Total time for which application threads were stopped: 0.0000664 seconds, Stopping threads took: 0.0000232 seconds
2018-12-18T12:40:07.521+0100: 2041.650: Total time for which application threads were stopped: 0.0000599 seconds, Stopping threads took: 0.0000211 seconds
2018-12-18T12:40:09.522+0100: 2043.650: Total time for which application threads were stopped: 0.0000586 seconds, Stopping threads took: 0.0000194 seconds
2018-12-18T12:40:31.859+0100: 2065.988: Total time for which application threads were stopped: 0.0000608 seconds, Stopping threads took: 0.0000189 seconds
2018-12-18T12:40:31.859+0100: 2065.988: Total time for which application threads were stopped: 0.0000448 seconds, Stopping threads took: 0.0000176 seconds
2018-12-18T12:40:31.860+0100: 2065.989: Total time for which application threads were stopped: 0.0000999 seconds, Stopping threads took: 0.0000529 seconds
2018-12-18T12:40:31.868+0100: 2065.997: Total time for which application threads were stopped: 0.0000670 seconds, Stopping threads took: 0.0000178 seconds
2018-12-18T12:40:32.868+0100: 2066.997: Total time for which application threads were stopped: 0.0000678 seconds, Stopping threads took: 0.0000232 seconds
2018-12-18T12:41:09.885+0100: 2104.014: Total time for which application threads were stopped: 0.0001069 seconds, Stopping threads took: 0.0000281 seconds
{Heap before GC invocations=33 (full 2):
 par new generation   total 109248K, used 109248K [0x00000000e0000000, 0x00000000e8000000, 0x00000000e8000000)
  eden space 87424K, 100% used [0x00000000e0000000, 0x00000000e5560000, 0x00000000e5560000)
  from space 21824K, 100% used [0x00000000e6ab0000, 0x00000000e8000000, 0x00000000e8000000)
  to   space 21824K,   0% used [0x00000000e5560000, 0x00000000e5560000, 0x00000000e6ab0000)
 concurrent mark-sweep generation total 393216K, used 181968K [0x00000000e8000000, 0x0000000100000000, 0x0000000100000000)
 Metaspace       used 42816K, capacity 44098K, committed 44344K, reserved 1087488K
  class space    used 5307K, capacity 5622K, committed 5692K, reserved 1048576K
2018-12-18T12:42:08.977+0100: 2163.107: [GC (Allocation Failure) 2018-12-18T12:42:08.977+0100: 2163.107: [ParNew
Desired survivor size 20112992 bytes, new threshold 8 (max 8)
- age   1:     944664 bytes,     944664 total
- age   2:      20224 bytes,     964888 total
- age   3:   14149200 bytes,   15114088 total
: 109248K->17108K(109248K), 0.0046164 secs] 291216K->199077K(502464K), 0.0046701 secs] [Times: user=0.00 sys=0.00, real=0.01 secs] 
